Archive member included to satisfy reference by file (symbol)

app/libapp.a(main.c.obj)      (--whole-archive)
zephyr/libzephyr.a(cbprintf_packaged.c.obj)
                              (--whole-archive)
zephyr/libzephyr.a(dec.c.obj)
                              (--whole-archive)
zephyr/libzephyr.a(fdtable.c.obj)
                              (--whole-archive)
zephyr/libzephyr.a(hex.c.obj)
                              (--whole-archive)
zephyr/libzephyr.a(printk.c.obj)
                              (--whole-archive)
zephyr/libzephyr.a(rb.c.obj)  (--whole-archive)
zephyr/libzephyr.a(sem.c.obj)
                              (--whole-archive)
zephyr/libzephyr.a(thread_entry.c.obj)
                              (--whole-archive)
zephyr/libzephyr.a(timeutil.c.obj)
                              (--whole-archive)
zephyr/libzephyr.a(heap.c.obj)
                              (--whole-archive)
zephyr/libzephyr.a(heap-validate.c.obj)
                              (--whole-archive)
zephyr/libzephyr.a(bitarray.c.obj)
                              (--whole-archive)
zephyr/libzephyr.a(multi_heap.c.obj)
                              (--whole-archive)
zephyr/libzephyr.a(onoff.c.obj)
                              (--whole-archive)
zephyr/libzephyr.a(notify.c.obj)
                              (--whole-archive)
zephyr/libzephyr.a(cbprintf_complete.c.obj)
                              (--whole-archive)
zephyr/libzephyr.a(ring_buffer.c.obj)
                              (--whole-archive)
zephyr/libzephyr.a(assert.c.obj)
                              (--whole-archive)
zephyr/libzephyr.a(reboot.c.obj)
                              (--whole-archive)
zephyr/libzephyr.a(configs.c.obj)
                              (--whole-archive)
zephyr/libzephyr.a(soc_nrf_common.S.obj)
                              (--whole-archive)
zephyr/libzephyr.a(validate_base_addresses.c.obj)
                              (--whole-archive)
zephyr/libzephyr.a(validate_enabled_instances.c.obj)
                              (--whole-archive)
zephyr/libzephyr.a(tracing_none.c.obj)
                              (--whole-archive)
zephyr/libzephyr.a(usb_device.c.obj)
                              (--whole-archive)
zephyr/libzephyr.a(usb_descriptor.c.obj)
                              (--whole-archive)
zephyr/libzephyr.a(usb_transfer.c.obj)
                              (--whole-archive)
zephyr/libzephyr.a(cdc_acm.c.obj)
                              (--whole-archive)
zephyr/libzephyr.a(usb_work_q.c.obj)
                              (--whole-archive)
zephyr/libzephyr.a(nrf_cc3xx_platform_abort_zephyr.c.obj)
                              (--whole-archive)
zephyr/libzephyr.a(nrf_cc3xx_platform_mutex_zephyr.c.obj)
                              (--whole-archive)
zephyr/arch/common/libarch__common.a(sw_isr_common.c.obj)
                              (--whole-archive)
zephyr/arch/arch/arm/core/aarch32/libarch__arm__core__aarch32.a(cpu_idle.S.obj)
                              (--whole-archive)
zephyr/arch/arch/arm/core/aarch32/libarch__arm__core__aarch32.a(fatal.c.obj)
                              (--whole-archive)
zephyr/arch/arch/arm/core/aarch32/libarch__arm__core__aarch32.a(irq_manage.c.obj)
                              (--whole-archive)
zephyr/arch/arch/arm/core/aarch32/libarch__arm__core__aarch32.a(nmi.c.obj)
                              (--whole-archive)
zephyr/arch/arch/arm/core/aarch32/libarch__arm__core__aarch32.a(nmi_on_reset.S.obj)
                              (--whole-archive)
zephyr/arch/arch/arm/core/aarch32/libarch__arm__core__aarch32.a(prep_c.c.obj)
                              (--whole-archive)
zephyr/arch/arch/arm/core/aarch32/libarch__arm__core__aarch32.a(swap.c.obj)
                              (--whole-archive)
zephyr/arch/arch/arm/core/aarch32/libarch__arm__core__aarch32.a(swap_helper.S.obj)
                              (--whole-archive)
zephyr/arch/arch/arm/core/aarch32/libarch__arm__core__aarch32.a(thread.c.obj)
                              (--whole-archive)
zephyr/arch/arch/arm/core/aarch32/libarch__arm__core__aarch32.a(isr_wrapper.S.obj)
                              (--whole-archive)
zephyr/arch/arch/arm/core/aarch32/libarch__arm__core__aarch32.a(tls.c.obj)
                              (--whole-archive)
zephyr/arch/arch/arm/core/aarch32/cortex_m/libarch__arm__core__aarch32__cortex_m.a(exc_exit.S.obj)
                              (--whole-archive)
zephyr/arch/arch/arm/core/aarch32/cortex_m/libarch__arm__core__aarch32__cortex_m.a(fault.c.obj)
                              (--whole-archive)
zephyr/arch/arch/arm/core/aarch32/cortex_m/libarch__arm__core__aarch32__cortex_m.a(fault_s.S.obj)
                              (--whole-archive)
zephyr/arch/arch/arm/core/aarch32/cortex_m/libarch__arm__core__aarch32__cortex_m.a(fpu.c.obj)
                              (--whole-archive)
zephyr/arch/arch/arm/core/aarch32/cortex_m/libarch__arm__core__aarch32__cortex_m.a(irq_init.c.obj)
                              (--whole-archive)
[...]
Memory Configuration

Name             Origin             Length             Attributes
FLASH            0x0000000000001000 0x00000000000ff000 xr
RAM              0x0000000020000000 0x0000000000040000 xw
IDT_LIST         0x00000000fffff7ff 0x0000000000000800 xw
*default*        0x0000000000000000 0xffffffffffffffff

Linker script and memory map

                0x0000000000007cc8                vfprintf = __i_vfprintf
                0x0000000000000000                vfscanf = __i_vfscanf
LOAD zephyr/CMakeFiles/zephyr_pre0.dir/misc/empty_file.c.obj
LOAD zephyr/CMakeFiles/offsets.dir/./arch/arm/core/offsets/offsets.c.obj
LOAD app/libapp.a
LOAD zephyr/libzephyr.a
LOAD zephyr/arch/common/libarch__common.a
LOAD zephyr/arch/arch/arm/core/aarch32/libarch__arm__core__aarch32.a
LOAD zephyr/arch/arch/arm/core/aarch32/cortex_m/libarch__arm__core__aarch32__cortex_m.a
LOAD zephyr/arch/arch/arm/core/aarch32/mpu/libarch__arm__core__aarch32__mpu.a
LOAD zephyr/lib/libc/picolibc/liblib__libc__picolibc.a
LOAD zephyr/lib/libc/common/liblib__libc__common.a
LOAD zephyr/soc/soc/arm/common/cortex_m/libsoc__arm__common__cortex_m.a
LOAD zephyr/soc/soc/arm/nordic_nrf/nrf52/libsoc__arm__nordic_nrf__nrf52.a
LOAD zephyr/boards/arm/nrf52840dongle_nrf52840/libboards__arm__nrf52840dongle_nrf52840.a
LOAD zephyr/drivers/usb/device/libdrivers__usb__device.a
LOAD zephyr/drivers/clock_control/libdrivers__clock_control.a
LOAD zephyr/drivers/gpio/libdrivers__gpio.a
LOAD zephyr/drivers/hwinfo/libdrivers__hwinfo.a
LOAD zephyr/drivers/pinctrl/libdrivers__pinctrl.a
LOAD zephyr/drivers/serial/libdrivers__serial.a
LOAD zephyr/drivers/timer/libdrivers__timer.a
LOAD modules/nrf/lib/fatal_error/lib..__nrf__lib__fatal_error.a
LOAD modules/nrf/drivers/hw_cc310/lib..__nrf__drivers__hw_cc310.a
LOAD modules/hal_nordic/nrfx/libmodules__hal_nordic__nrfx.a
LOAD zephyr/kernel/libkernel.a
LOAD /home/matt/ncs/toolchains/b77d8c1312/opt/zephyr-sdk/arm-zephyr-eabi/bin/../lib/gcc/arm-zephyr-eabi/12.2.0/thumb/v7e-m/nofp/libgcc.a
LOAD zephyr/arch/common/libisr_tables.a
LOAD /home/matt/Downloads/ncs/nrfxlib/crypto/nrf_cc310_platform/lib/cortex-m4/soft-float/no-interrupts/libnrf_cc310_platform_0.9.18.a
LOAD /home/matt/ncs/toolchains/b77d8c1312/opt/zephyr-sdk/arm-zephyr-eabi/bin/../lib/gcc/../../picolibc/arm-zephyr-eabi/lib/thumb/v7e-m/nofp/libc.a
LOAD /home/matt/ncs/toolchains/b77d8c1312/opt/zephyr-sdk/arm-zephyr-eabi/bin/../lib/gcc/arm-zephyr-eabi/12.2.0/thumb/v7e-m/nofp/libgcc.a
                0x0000000000000020                _region_min_align = 0x20

.rel.plt        0x0000000000001000        0x0
 *(SORT_BY_ALIGNMENT(.rel.plt))
                [!provide]                        PROVIDE (__rel_iplt_start = .)
 *(SORT_BY_ALIGNMENT(.rel.iplt))
 .rel.iplt      0x0000000000001000        0x0 app/libapp.a(main.c.obj)
                [!provide]                        PROVIDE (__rel_iplt_end = .)

.rela.plt       0x0000000000000000        0x0
 *(SORT_BY_ALIGNMENT(.rela.plt))
                [!provide]                        PROVIDE (__rela_iplt_start = .)
 *(SORT_BY_ALIGNMENT(.rela.iplt))
                [!provide]                        PROVIDE (__rela_iplt_end = .)

.rel.dyn
 *(SORT_BY_ALIGNMENT(.rel.*))

.rela.dyn
 *(SORT_BY_ALIGNMENT(.rela.*))

/DISCARD/
 *(SORT_BY_ALIGNMENT(.plt))

/DISCARD/
 *(SORT_BY_ALIGNMENT(.iplt))
                0x0000000000001000                __rom_region_start = 0x1000

rom_start       0x0000000000001000      0x100
                0x0000000000001000                __rom_start_address = .
                0x0000000000001000                . = (. + (0x0 - (. - __rom_start_address)))
                0x0000000000001000                . = ALIGN (0x4)
                0x0000000000001000                . = ALIGN (0x80)
                0x0000000000001000                . = ALIGN (0x100)
                0x0000000000001000                _vector_start = .
 *(SORT_BY_ALIGNMENT(.exc_vector_table))
 *(SORT_BY_ALIGNMENT(.exc_vector_table.*))
 .exc_vector_table._vector_table_section
                0x0000000000001000       0x40 zephyr/arch/arch/arm/core/aarch32/cortex_m/libarch__arm__core__aarch32__cortex_m.a(vector_table.S.obj)
                0x0000000000001000                _vector_table
 *(SORT_BY_ALIGNMENT(.vectors))
                0x0000000000001100                _vector_end = .
                0x0000000000001040                . = ALIGN (0x4)
 *(SORT_BY_ALIGNMENT(.gnu.linkonce.irq_vector_table*))
 .gnu.linkonce.irq_vector_table
                0x0000000000001040       0xc0 zephyr/arch/common/libisr_tables.a(isr_tables.c.obj)
                0x0000000000001040                _irq_vector_table
                0x0000000000001100                _vector_end = .

text            0x0000000000001100     0x8998
                0x0000000000001100                __text_region_start = .
 *(SORT_BY_ALIGNMENT(.text))
 .text          0x0000000000001100       0x30 /home/matt/ncs/toolchains/b77d8c1312/opt/zephyr-sdk/arm-zephyr-eabi/bin/../lib/gcc/arm-zephyr-eabi/12.2.0/thumb/v7e-m/nofp/libgcc.a(_aeabi_uldivmod.o)
                0x0000000000001100                __aeabi_uldivmod
 .text          0x0000000000001130        0x4 /home/matt/ncs/toolchains/b77d8c1312/opt/zephyr-sdk/arm-zephyr-eabi/bin/../lib/gcc/arm-zephyr-eabi/12.2.0/thumb/v7e-m/nofp/libgcc.a(_dvmd_tls.o)
                0x0000000000001130                __aeabi_ldiv0
                0x0000000000001130                __aeabi_idiv0
 .text          0x0000000000001134      0x2a0 /home/matt/ncs/toolchains/b77d8c1312/opt/zephyr-sdk/arm-zephyr-eabi/bin/../lib/gcc/arm-zephyr-eabi/12.2.0/thumb/v7e-m/nofp/libgcc.a(_udivmoddi4.o)
                0x0000000000001134                __udivmoddi4
 .text          0x00000000000013d4       0x10 /home/matt/ncs/toolchains/b77d8c1312/opt/zephyr-sdk/arm-zephyr-eabi/bin/../lib/gcc/../../picolibc/arm-zephyr-eabi/lib/thumb/v7e-m/nofp/libc.a(strlen.S.o)
                0x00000000000013d4                strlen
 *(SORT_BY_ALIGNMENT(.text.*))
 .text.main     0x00000000000013e4       0x4c app/libapp.a(main.c.obj)
                0x00000000000013e4                main
 .text.char_out
                0x0000000000001430        0xc zephyr/libzephyr.a(printk.c.obj)
 .text.vprintk  0x000000000000143c       0x30 zephyr/libzephyr.a(printk.c.obj)
                0x000000000000143c                vprintk
 .text.z_thread_entry
                0x000000000000146c       0x34 zephyr/libzephyr.a(thread_entry.c.obj)
                0x000000000000146c                z_thread_entry
 .text.process_event
                0x00000000000014a0      0x21c zephyr/libzephyr.a(onoff.c.obj)
 .text.sys_reboot
                0x00000000000016bc       0x30 zephyr/libzephyr.a(reboot.c.obj)
                0x00000000000016bc                sys_reboot
 .text.z_arm_platform_init
                0x00000000000016ec        0x4 zephyr/libzephyr.a(soc_nrf_common.S.obj)
                0x00000000000016ec                z_arm_platform_init
 .text.class_handler
                0x00000000000016f0       0x40 zephyr/libzephyr.a(usb_device.c.obj)
 .text.custom_handler
                0x0000000000001730       0x60 zephyr/libzephyr.a(usb_device.c.obj)
 .text.vendor_handler
                0x0000000000001790       0x3c zephyr/libzephyr.a(usb_device.c.obj)
 .text.disable_endpoint
                0x00000000000017cc       0x2c zephyr/libzephyr.a(usb_device.c.obj)
 .text.usb_reset_alt_setting
                0x00000000000017f8       0x10 zephyr/libzephyr.a(usb_device.c.obj)
 .text.is_ep_valid.part.0
                0x0000000000001808       0x38 zephyr/libzephyr.a(usb_device.c.obj)
 .text.usb_halt_endpoint_req.isra.0
                0x0000000000001840       0x50 zephyr/libzephyr.a(usb_device.c.obj)
 .text.set_endpoint
                0x0000000000001890       0x84 zephyr/libzephyr.a(usb_device.c.obj)
 .text.usb_handle_standard_request
                0x0000000000001914      0x29c zephyr/libzephyr.a(usb_device.c.obj)
 .text.usb_set_config
                0x0000000000001bb0       0x2c zephyr/libzephyr.a(usb_device.c.obj)
                0x0000000000001bb0                usb_set_config
 .text.usb_device_init
                0x0000000000001bdc       0x28 zephyr/libzephyr.a(usb_device.c.obj)
 .text.usb_update_sn_string_descriptor
                0x0000000000001c04       0x88 zephyr/libzephyr.a(usb_descriptor.c.obj)
                0x0000000000001c04                usb_update_sn_string_descriptor
 .text.usb_get_device_descriptor
                0x0000000000001c8c      0x1d8 zephyr/libzephyr.a(usb_descriptor.c.obj)
                0x0000000000001c8c                usb_get_device_descriptor
 .text.usb_ep_get_transfer
                0x0000000000001e64       0x2c zephyr/libzephyr.a(usb_transfer.c.obj)
 .text.usb_transfer_work
                0x0000000000001e90      0x104 zephyr/libzephyr.a(usb_transfer.c.obj)
 .text.usb_transfer_ep_callback
                0x0000000000001f94       0x5c zephyr/libzephyr.a(usb_transfer.c.obj)
                0x0000000000001f94                usb_transfer_ep_callback
 .text.usb_transfer
                0x0000000000001ff0       0xe4 zephyr/libzephyr.a(usb_transfer.c.obj)
                0x0000000000001ff0                usb_transfer
 .text.usb_cancel_transfer
                0x00000000000020d4       0x3c zephyr/libzephyr.a(usb_transfer.c.obj)
                0x00000000000020d4                usb_cancel_transfer
 .text.cdc_acm_int_in
                0x0000000000002110       0x18 zephyr/libzephyr.a(cdc_acm.c.obj)
 .text.cdc_acm_irq_rx_enable
                0x0000000000002128       0x20 zephyr/libzephyr.a(cdc_acm.c.obj)
 .text.cdc_acm_irq_tx_enable
                0x0000000000002148       0x20 zephyr/libzephyr.a(cdc_acm.c.obj)
 .text.cdc_acm_fifo_fill
                0x0000000000002168       0x38 zephyr/libzephyr.a(cdc_acm.c.obj)
 .text.cdc_acm_poll_out
                0x00000000000021a0       0x64 zephyr/libzephyr.a(cdc_acm.c.obj)
 .text.tx_work_handler
                0x0000000000002204       0x5c zephyr/libzephyr.a(cdc_acm.c.obj)
 .text.cdc_acm_class_handle_req
                0x0000000000002260       0x64 zephyr/libzephyr.a(cdc_acm.c.obj)
                0x0000000000002260                cdc_acm_class_handle_req
 .text.cdc_acm_reset_port
                0x00000000000022c4       0x3c zephyr/libzephyr.a(cdc_acm.c.obj)
 .text.cdc_acm_write_cb
                0x0000000000002300       0x44 zephyr/libzephyr.a(cdc_acm.c.obj)
 .text.cdc_acm_init
                0x0000000000002344       0x48 zephyr/libzephyr.a(cdc_acm.c.obj)
 .text.cdc_acm_read_cb
                0x000000000000238c       0x6c zephyr/libzephyr.a(cdc_acm.c.obj)
 .text.cdc_acm_dev_status_cb
                0x00000000000023f8       0x88 zephyr/libzephyr.a(cdc_acm.c.obj)
 .text.z_usb_work_q_init
                0x0000000000002480       0x34 zephyr/libzephyr.a(usb_work_q.c.obj)
 .text.nrf_cc3xx_platform_abort_init
                0x00000000000024b4        0xc zephyr/libzephyr.a(nrf_cc3xx_platform_abort_zephyr.c.obj)
                0x00000000000024b4                nrf_cc3xx_platform_abort_init
 .text.mutex_free_platform
                0x00000000000024c0       0x54 zephyr/libzephyr.a(nrf_cc3xx_platform_mutex_zephyr.c.obj)
 .text.mutex_lock_platform
                0x0000000000002514       0x60 zephyr/libzephyr.a(nrf_cc3xx_platform_mutex_zephyr.c.obj)
 .text.mutex_unlock_platform
                0x0000000000002574       0x58 zephyr/libzephyr.a(nrf_cc3xx_platform_mutex_zephyr.c.obj)
 .text.mutex_init_platform
                0x00000000000025cc       0x94 zephyr/libzephyr.a(nrf_cc3xx_platform_mutex_zephyr.c.obj)
 .text.nrf_cc3xx_platform_mutex_init
                0x0000000000002660       0x2c zephyr/libzephyr.a(nrf_cc3xx_platform_mutex_zephyr.c.obj)
                0x0000000000002660                nrf_cc3xx_platform_mutex_init
 .text.z_arm_cpu_idle_init
                0x000000000000268c        0xc zephyr/arch/arch/arm/core/aarch32/libarch__arm__core__aarch32.a(cpu_idle.S.obj)
                0x000000000000268c                z_arm_cpu_idle_init
 .text.arch_cpu_idle
                0x0000000000002698       0x1c zephyr/arch/arch/arm/core/aarch32/libarch__arm__core__aarch32.a(cpu_idle.S.obj)
                0x0000000000002698                arch_cpu_idle
 .text.arch_cpu_atomic_idle
                0x00000000000026b4       0x18 zephyr/arch/arch/arm/core/aarch32/libarch__arm__core__aarch32.a(cpu_idle.S.obj)
                0x00000000000026b4                arch_cpu_atomic_idle
 .text.arch_irq_enable
                0x00000000000026cc       0x1c zephyr/arch/arch/arm/core/aarch32/libarch__arm__core__aarch32.a(irq_manage.c.obj)
                0x00000000000026cc                arch_irq_enable
 .text.arch_irq_disable
                0x00000000000026e8       0x28 zephyr/arch/arch/arm/core/aarch32/libarch__arm__core__aarch32.a(irq_manage.c.obj)
                0x00000000000026e8                arch_irq_disable
 .text.arch_irq_is_enabled
                0x0000000000002710       0x1c zephyr/arch/arch/arm/core/aarch32/libarch__arm__core__aarch32.a(irq_manage.c.obj)
                0x0000000000002710                arch_irq_is_enabled
 .text.z_arm_irq_priority_set
                0x000000000000272c       0x30 zephyr/arch/arch/arm/core/aarch32/libarch__arm__core__aarch32.a(irq_manage.c.obj)
                0x000000000000272c                z_arm_irq_priority_set
 .text.z_SysNmiOnReset
                0x000000000000275c        0x8 zephyr/arch/arch/arm/core/aarch32/libarch__arm__core__aarch32.a(nmi_on_reset.S.obj)
                0x000000000000275c                z_SysNmiOnReset
 .text.z_arm_prep_c
                0x0000000000002764       0x38 zephyr/arch/arch/arm/core/aarch32/libarch__arm__core__aarch32.a(prep_c.c.obj)
                0x0000000000002764                z_arm_prep_c
 .text.arch_swap
                0x000000000000279c       0x34 zephyr/arch/arch/arm/core/aarch32/libarch__arm__core__aarch32.a(swap.c.obj)
                0x000000000000279c                arch_swap
 .text.z_arm_pendsv
                0x00000000000027d0       0x64 zephyr/arch/arch/arm/core/aarch32/libarch__arm__core__aarch32.a(swap_helper.S.obj)
                0x00000000000027d0                z_arm_pendsv
 .text.z_arm_svc
                0x0000000000002834       0x20 zephyr/arch/arch/arm/core/aarch32/libarch__arm__core__aarch32.a(swap_helper.S.obj)
                0x0000000000002834                z_arm_svc
 .text.arch_new_thread
                0x0000000000002854       0x38 zephyr/arch/arch/arm/core/aarch32/libarch__arm__core__aarch32.a(thread.c.obj)
                0x0000000000002854                arch_new_thread
 .text.z_check_thread_stack_fail
                0x000000000000288c       0x2c zephyr/arch/arch/arm/core/aarch32/libarch__arm__core__aarch32.a(thread.c.obj)
                0x000000000000288c                z_check_thread_stack_fail
 .text.arch_switch_to_main_thread
                0x00000000000028b8       0x38 zephyr/arch/arch/arm/core/aarch32/libarch__arm__core__aarch32.a(thread.c.obj)
                0x00000000000028b8                arch_switch_to_main_thread
 .text._isr_wrapper
                0x00000000000028f0       0x28 zephyr/arch/arch/arm/core/aarch32/libarch__arm__core__aarch32.a(isr_wrapper.S.obj)
                0x00000000000028f0                _isr_wrapper
 .text.arch_tls_stack_setup
                0x0000000000002918       0x5c zephyr/arch/arch/arm/core/aarch32/libarch__arm__core__aarch32.a(tls.c.obj)
                0x0000000000002918                arch_tls_stack_setup
 .text._HandlerModeExit
                0x0000000000002974       0x1c zephyr/arch/arch/arm/core/aarch32/cortex_m/libarch__arm__core__aarch32__cortex_m.a(exc_exit.S.obj)
                0x0000000000002974                z_arm_exc_exit
                0x0000000000002974                z_arm_int_exit
 .text.mem_manage_fault
                0x0000000000002990       0xa0 zephyr/arch/arch/arm/core/aarch32/cortex_m/libarch__arm__core__aarch32__cortex_m.a(fault.c.obj)
 .text.usage_fault.constprop.0
                0x0000000000002a30       0x54 zephyr/arch/arch/arm/core/aarch32/cortex_m/libarch__arm__core__aarch32__cortex_m.a(fault.c.obj)
 .text.bus_fault.constprop.0
                0x0000000000002a84       0x6c zephyr/arch/arch/arm/core/aarch32/cortex_m/libarch__arm__core__aarch32__cortex_m.a(fault.c.obj)
 .text.z_arm_fault
                0x0000000000002af0      0x128 zephyr/arch/arch/arm/core/aarch32/cortex_m/libarch__arm__core__aarch32__cortex_m.a(fault.c.obj)
                0x0000000000002af0                z_arm_fault
 .text.z_arm_fault_init
                0x0000000000002c18       0x10 zephyr/arch/arch/arm/core/aarch32/cortex_m/libarch__arm__core__aarch32__cortex_m.a(fault.c.obj)
                0x0000000000002c18                z_arm_fault_init
 .text.__fault  0x0000000000002c28       0x14 zephyr/arch/arch/arm/core/aarch32/cortex_m/libarch__arm__core__aarch32__cortex_m.a(fault_s.S.obj)
                0x0000000000002c28                z_arm_bus_fault
                0x0000000000002c28                z_arm_usage_fault
                0x0000000000002c28                z_arm_mpu_fault
                0x0000000000002c28                z_arm_exc_spurious
                0x0000000000002c28                z_arm_debug_monitor
                0x0000000000002c28                z_arm_hard_fault
 .text.z_arm_interrupt_init
                0x0000000000002c3c       0x18 zephyr/arch/arch/arm/core/aarch32/cortex_m/libarch__arm__core__aarch32__cortex_m.a(irq_init.c.obj)
                0x0000000000002c3c                z_arm_interrupt_init
 .text._reset_section
                0x0000000000002c54       0x54 zephyr/arch/arch/arm/core/aarch32/cortex_m/libarch__arm__core__aarch32__cortex_m.a(reset.S.obj)
                0x0000000000002c54                z_arm_reset
                0x0000000000002c54                __start
 .text.sys_arch_reboot
                0x0000000000002ca8       0x24 zephyr/arch/arch/arm/core/aarch32/cortex_m/libarch__arm__core__aarch32__cortex_m.a(scb.c.obj)
                0x0000000000002ca8                sys_arch_reboot
 .text.z_arm_clear_arm_mpu_config
                0x0000000000002ccc       0x24 zephyr/arch/arch/arm/core/aarch32/cortex_m/libarch__arm__core__aarch32__cortex_m.a(scb.c.obj)
                0x0000000000002ccc                z_arm_clear_arm_mpu_config
 .text.z_arm_init_arch_hw_at_boot
                0x0000000000002cf0       0x64 zephyr/arch/arch/arm/core/aarch32/cortex_m/libarch__arm__core__aarch32__cortex_m.a(scb.c.obj)
                0x0000000000002cf0                z_arm_init_arch_hw_at_boot
 .text.z_impl_k_thread_abort
                0x0000000000002d54       0x2c zephyr/arch/arch/arm/core/aarch32/cortex_m/libarch__arm__core__aarch32__cortex_m.a(thread_abort.c.obj)
                0x0000000000002d54                z_impl_k_thread_abort
 .text.z_arm_configure_static_mpu_regions
                0x0000000000002d80       0x18 zephyr/arch/arch/arm/core/aarch32/mpu/libarch__arm__core__aarch32__mpu.a(arm_core_mpu.c.obj)
                0x0000000000002d80                z_arm_configure_static_mpu_regions
 .text.z_arm_configure_dynamic_mpu_regions
                0x0000000000002d98       0x20 zephyr/arch/arch/arm/core/aarch32/mpu/libarch__arm__core__aarch32__mpu.a(arm_core_mpu.c.obj)
                0x0000000000002d98                z_arm_configure_dynamic_mpu_regions
 .text.mpu_configure_regions
                0x0000000000002db8       0x88 zephyr/arch/arch/arm/core/aarch32/mpu/libarch__arm__core__aarch32__mpu.a(arm_mpu.c.obj)
 .text.arm_core_mpu_enable
                0x0000000000002e40       0x18 zephyr/arch/arch/arm/core/aarch32/mpu/libarch__arm__core__aarch32__mpu.a(arm_mpu.c.obj)
                0x0000000000002e40                arm_core_mpu_enable
 .text.arm_core_mpu_disable
                0x0000000000002e58       0x14 zephyr/arch/arch/arm/core/aarch32/mpu/libarch__arm__core__aarch32__mpu.a(arm_mpu.c.obj)
                0x0000000000002e58                arm_core_mpu_disable
 .text.arm_core_mpu_configure_static_mpu_regions
                0x0000000000002e6c       0x14 zephyr/arch/arch/arm/core/aarch32/mpu/libarch__arm__core__aarch32__mpu.a(arm_mpu.c.obj)
                0x0000000000002e6c                arm_core_mpu_configure_static_mpu_regions
 .text.arm_core_mpu_configure_dynamic_mpu_regions
                0x0000000000002e80       0x30 zephyr/arch/arch/arm/core/aarch32/mpu/libarch__arm__core__aarch32__mpu.a(arm_mpu.c.obj)
                0x0000000000002e80                arm_core_mpu_configure_dynamic_mpu_regions
 .text.z_arm_mpu_init
                0x0000000000002eb0       0x60 zephyr/arch/arch/arm/core/aarch32/mpu/libarch__arm__core__aarch32__mpu.a(arm_mpu.c.obj)
                0x0000000000002eb0                z_arm_mpu_init
 .text.__chk_fail
                0x0000000000002f10       0x18 zephyr/lib/libc/picolibc/liblib__libc__picolibc.a(libc-hooks.c.obj)
                0x0000000000002f10                __chk_fail
 .text.malloc_prepare
                0x0000000000002f28       0x24 zephyr/lib/libc/common/liblib__libc__common.a(malloc.c.obj)
 .text.nordicsemi_nrf52_init
                0x0000000000002f4c       0x44 zephyr/soc/soc/arm/nordic_nrf/nrf52/libsoc__arm__nordic_nrf__nrf52.a(soc.c.obj)
 .text.arch_busy_wait
                0x0000000000002f90       0x14 zephyr/soc/soc/arm/nordic_nrf/nrf52/libsoc__arm__nordic_nrf__nrf52.a(soc.c.obj)
                0x0000000000002f90                arch_busy_wait
 .text.board_nrf52840dongle_nrf52840_init
                0x0000000000002fa4       0x7c zephyr/boards/arm/nrf52840dongle_nrf52840/libboards__arm__nrf52840dongle_nrf52840.a(board.c.obj)
 .text.endpoint_ctx
                0x0000000000003020       0x60 zephyr/drivers/usb/device/libdrivers__usb__device.a(usb_dc_nrfx.c.obj)
 .text.usbd_work_schedule
                0x0000000000003080       0x10 zephyr/drivers/usb/device/libdrivers__usb__device.a(usb_dc_nrfx.c.obj)
 .text.usbd_evt_put
                0x0000000000003090        0xc zephyr/drivers/usb/device/libdrivers__usb__device.a(usb_dc_nrfx.c.obj)
 .text.usbd_evt_get
                0x000000000000309c       0x10 zephyr/drivers/usb/device/libdrivers__usb__device.a(usb_dc_nrfx.c.obj)
 .text.usb_init
                0x00000000000030ac       0x70 zephyr/drivers/usb/device/libdrivers__usb__device.a(usb_dc_nrfx.c.obj)
 .text.hfxo_stop.constprop.0.isra.0
                0x000000000000311c       0x40 zephyr/drivers/usb/device/libdrivers__usb__device.a(usb_dc_nrfx.c.obj)
 .text.eps_ctx_init
                0x000000000000315c       0x68 zephyr/drivers/usb/device/libdrivers__usb__device.a(usb_dc_nrfx.c.obj)
 .text.usbd_evt_flush
                0x00000000000031c4       0x1c zephyr/drivers/usb/device/libdrivers__usb__device.a(usb_dc_nrfx.c.obj)
 .text.usbd_evt_alloc
                0x00000000000031e0       0x44 zephyr/drivers/usb/device/libdrivers__usb__device.a(usb_dc_nrfx.c.obj)
 .text.usb_dc_power_event_handler
                0x0000000000003224       0x34 zephyr/drivers/usb/device/libdrivers__usb__device.a(usb_dc_nrfx.c.obj)
 .text.usbd_event_transfer_data
                0x0000000000003258       0xa8 zephyr/drivers/usb/device/libdrivers__usb__device.a(usb_dc_nrfx.c.obj)
 .text.usbd_event_handler
                0x0000000000003300      0x11c zephyr/drivers/usb/device/libdrivers__usb__device.a(usb_dc_nrfx.c.obj)
 .text.usbd_work_handler
                0x000000000000341c      0x2e0 zephyr/drivers/usb/device/libdrivers__usb__device.a(usb_dc_nrfx.c.obj)
 .text.usb_dc_set_address
                0x00000000000036fc       0x24 zephyr/drivers/usb/device/libdrivers__usb__device.a(usb_dc_nrfx.c.obj)
                0x00000000000036fc                usb_dc_set_address
 .text.usb_dc_ep_configure
                0x0000000000003720       0x48 zephyr/drivers/usb/device/libdrivers__usb__device.a(usb_dc_nrfx.c.obj)
                0x0000000000003720                usb_dc_ep_configure
 .text.usb_dc_ep_set_stall
                0x0000000000003768       0x50 zephyr/drivers/usb/device/libdrivers__usb__device.a(usb_dc_nrfx.c.obj)
                0x0000000000003768                usb_dc_ep_set_stall
 .text.usb_dc_ep_clear_stall
                0x00000000000037b8       0x40 zephyr/drivers/usb/device/libdrivers__usb__device.a(usb_dc_nrfx.c.obj)
                0x00000000000037b8                usb_dc_ep_clear_stall
 .text.usb_dc_ep_is_stalled
                0x00000000000037f8       0x38 zephyr/drivers/usb/device/libdrivers__usb__device.a(usb_dc_nrfx.c.obj)
                0x00000000000037f8                usb_dc_ep_is_stalled
 .text.usb_dc_ep_enable
                0x0000000000003830       0x54 zephyr/drivers/usb/device/libdrivers__usb__device.a(usb_dc_nrfx.c.obj)
                0x0000000000003830                usb_dc_ep_enable
 .text.usb_dc_ep_write
                0x0000000000003884       0xf8 zephyr/drivers/usb/device/libdrivers__usb__device.a(usb_dc_nrfx.c.obj)
                0x0000000000003884                usb_dc_ep_write
 .text.usb_dc_ep_read_wait
                0x000000000000397c       0x90 zephyr/drivers/usb/device/libdrivers__usb__device.a(usb_dc_nrfx.c.obj)
                0x000000000000397c                usb_dc_ep_read_wait
 .text.usb_dc_ep_read_continue
                0x0000000000003a0c       0x84 zephyr/drivers/usb/device/libdrivers__usb__device.a(usb_dc_nrfx.c.obj)
                0x0000000000003a0c                usb_dc_ep_read_continue
 .text.usb_dc_ep_mps
                0x0000000000003a90       0x24 zephyr/drivers/usb/device/libdrivers__usb__device.a(usb_dc_nrfx.c.obj)
                0x0000000000003a90                usb_dc_ep_mps
 .text.onoff_stop
                0x0000000000003ab4       0x30 zephyr/drivers/clock_control/libdrivers__clock_control.a(clock_control_nrf.c.obj)
 .text.onoff_start
                0x0000000000003ae4       0x44 zephyr/drivers/clock_control/libdrivers__clock_control.a(clock_control_nrf.c.obj)
 .text.clk_init
                0x0000000000003b28       0x58 zephyr/drivers/clock_control/libdrivers__clock_control.a(clock_control_nrf.c.obj)
 .text.clkstarted_handle.constprop.0
                0x0000000000003b80       0x34 zephyr/drivers/clock_control/libdrivers__clock_control.a(clock_control_nrf.c.obj)
 .text.clock_event_handler
                0x0000000000003bb4       0x1c zephyr/drivers/clock_control/libdrivers__clock_control.a(clock_control_nrf.c.obj)
 .text.generic_hfclk_start
                0x0000000000003bd0       0x64 zephyr/drivers/clock_control/libdrivers__clock_control.a(clock_control_nrf.c.obj)
 .text.api_blocking_start
                0x0000000000003c34       0x34 zephyr/drivers/clock_control/libdrivers__clock_control.a(clock_control_nrf.c.obj)
 .text.generic_hfclk_stop
                0x0000000000003c68       0x34 zephyr/drivers/clock_control/libdrivers__clock_control.a(clock_control_nrf.c.obj)
 .text.z_nrf_clock_control_lf_on
                0x0000000000003c9c       0xfc zephyr/drivers/clock_control/libdrivers__clock_control.a(clock_control_nrf.c.obj)
                0x0000000000003c9c                z_nrf_clock_control_lf_on
 .text.gpio_nrfx_pin_interrupt_configure
                0x0000000000003d98       0xe4 zephyr/drivers/gpio/libdrivers__gpio.a(gpio_nrfx.c.obj)
 .text.gpio_nrfx_init
                0x0000000000003e7c       0x38 zephyr/drivers/gpio/libdrivers__gpio.a(gpio_nrfx.c.obj)
 .text.nrfx_gpio_handler
                0x0000000000003eb4       0x4c zephyr/drivers/gpio/libdrivers__gpio.a(gpio_nrfx.c.obj)
 .text.gpio_nrfx_pin_configure
                0x0000000000003f00      0x128 zephyr/drivers/gpio/libdrivers__gpio.a(gpio_nrfx.c.obj)
 .text.nrf_gpio_pin_port_decode
                0x0000000000004028       0x20 zephyr/drivers/pinctrl/libdrivers__pinctrl.a(pinctrl_nrf.c.obj)
 .text.pinctrl_configure_pins
                0x0000000000004048      0x164 zephyr/drivers/pinctrl/libdrivers__pinctrl.a(pinctrl_nrf.c.obj)
                0x0000000000004048                pinctrl_configure_pins
 .text.uarte_nrfx_configure
                0x00000000000041ac      0x168 zephyr/drivers/serial/libdrivers__serial.a(uart_nrfx_uarte.c.obj)
 .text.uarte_0_init
                0x0000000000004314       0xe8 zephyr/drivers/serial/libdrivers__serial.a(uart_nrfx_uarte.c.obj)
 .text.uarte_nrfx_poll_out
                0x00000000000043fc       0x98 zephyr/drivers/serial/libdrivers__serial.a(uart_nrfx_uarte.c.obj)
 .text.compare_int_lock
                0x0000000000004494       0x48 zephyr/drivers/timer/libdrivers__timer.a(nrf_rtc_timer.c.obj)
 .text.sys_clock_timeout_handler
                0x00000000000044dc       0x48 zephyr/drivers/timer/libdrivers__timer.a(nrf_rtc_timer.c.obj)
 .text.compare_int_unlock
                0x0000000000004524       0x5c zephyr/drivers/timer/libdrivers__timer.a(nrf_rtc_timer.c.obj)
 .text.z_nrf_rtc_timer_read
                0x0000000000004580       0x44 zephyr/drivers/timer/libdrivers__timer.a(nrf_rtc_timer.c.obj)
                0x0000000000004580                z_nrf_rtc_timer_read
 .text.compare_set
                0x00000000000045c4      0x130 zephyr/drivers/timer/libdrivers__timer.a(nrf_rtc_timer.c.obj)
 .text.sys_clock_driver_init
                0x00000000000046f4       0x90 zephyr/drivers/timer/libdrivers__timer.a(nrf_rtc_timer.c.obj)
 .text.rtc_nrf_isr
                0x0000000000004784       0xd4 zephyr/drivers/timer/libdrivers__timer.a(nrf_rtc_timer.c.obj)
                0x0000000000004784                rtc_nrf_isr
 .text.sys_clock_set_timeout
                0x0000000000004858       0x68 zephyr/drivers/timer/libdrivers__timer.a(nrf_rtc_timer.c.obj)
                0x0000000000004858                sys_clock_set_timeout
 .text.sys_clock_elapsed
                0x00000000000048c0       0x14 zephyr/drivers/timer/libdrivers__timer.a(nrf_rtc_timer.c.obj)
                0x00000000000048c0                sys_clock_elapsed
 .text.sys_clock_disable
                0x00000000000048d4       0x30 zephyr/drivers/timer/libdrivers__timer.a(nrf_rtc_timer.c.obj)
                0x00000000000048d4                sys_clock_disable
 .text.__NVIC_SystemReset
                0x0000000000004904       0x24 modules/hal_nordic/nrfx/libmodules__hal_nordic__nrfx.a(system_nrf52840.c.obj)
 .text.nrf52_errata_98
                0x0000000000004928       0x24 modules/hal_nordic/nrfx/libmodules__hal_nordic__nrfx.a(system_nrf52840.c.obj)
 .text.nvmc_wait
                0x000000000000494c       0x10 modules/hal_nordic/nrfx/libmodules__hal_nordic__nrfx.a(system_nrf52840.c.obj)
                0x000000000000494c                nvmc_wait
 .text.SystemInit
                0x000000000000495c      0x1c8 modules/hal_nordic/nrfx/libmodules__hal_nordic__nrfx.a(system_nrf52840.c.obj)
                0x000000000000495c                SystemInit
 .text.nrfx_flag32_alloc
                0x0000000000004b24       0x48 modules/hal_nordic/nrfx/libmodules__hal_nordic__nrfx.a(nrfx_flag32_allocator.c.obj)
                0x0000000000004b24                nrfx_flag32_alloc
 .text.nrfx_flag32_free
                0x0000000000004b6c       0x40 modules/hal_nordic/nrfx/libmodules__hal_nordic__nrfx.a(nrfx_flag32_allocator.c.obj)
                0x0000000000004b6c                nrfx_flag32_free
 .text.nrfx_gppi_channels_enable
                0x0000000000004bac        0xc modules/hal_nordic/nrfx/libmodules__hal_nordic__nrfx.a(nrfx_gppi_ppi.c.obj)
                0x0000000000004bac                nrfx_gppi_channels_enable
 .text.clock_stop
                0x0000000000004bb8       0xc4 modules/hal_nordic/nrfx/libmodules__hal_nordic__nrfx.a(nrfx_clock.c.obj)
 .text.nrfx_clock_init
                0x0000000000004c7c       0x20 modules/hal_nordic/nrfx/libmodules__hal_nordic__nrfx.a(nrfx_clock.c.obj)
                0x0000000000004c7c                nrfx_clock_init
 .text.nrfx_clock_enable
                0x0000000000004c9c       0x24 modules/hal_nordic/nrfx/libmodules__hal_nordic__nrfx.a(nrfx_clock.c.obj)
                0x0000000000004c9c                nrfx_clock_enable
 .text.nrfx_clock_irq_handler
                0x0000000000004cc0       0x68 modules/hal_nordic/nrfx/libmodules__hal_nordic__nrfx.a(nrfx_clock.c.obj)
                0x0000000000004cc0                nrfx_clock_irq_handler
 .text.nrf_gpio_pin_port_decode
                0x0000000000004d28       0x20 modules/hal_nordic/nrfx/libmodules__hal_nordic__nrfx.a(nrfx_gpiote.c.obj)
 .text.get_pin_idx
                0x0000000000004d48       0x14 modules/hal_nordic/nrfx/libmodules__hal_nordic__nrfx.a(nrfx_gpiote.c.obj)
 .text.pin_in_use_by_te
                0x0000000000004d5c       0x18 modules/hal_nordic/nrfx/libmodules__hal_nordic__nrfx.a(nrfx_gpiote.c.obj)
 .text.pin_is_output
                0x0000000000004d74       0x18 modules/hal_nordic/nrfx/libmodules__hal_nordic__nrfx.a(nrfx_gpiote.c.obj)
 .text.pin_te_get
                0x0000000000004d8c       0x18 modules/hal_nordic/nrfx/libmodules__hal_nordic__nrfx.a(nrfx_gpiote.c.obj)
 .text.call_handler
                0x0000000000004da4       0x40 modules/hal_nordic/nrfx/libmodules__hal_nordic__nrfx.a(nrfx_gpiote.c.obj)
 .text.release_handler
                0x0000000000004de4       0x58 modules/hal_nordic/nrfx/libmodules__hal_nordic__nrfx.a(nrfx_gpiote.c.obj)
 .text.__nrfy_internal_gpiote_events_process.constprop.0
                0x0000000000004e3c       0x54 modules/hal_nordic/nrfx/libmodules__hal_nordic__nrfx.a(nrfx_gpiote.c.obj)
 .text.nrfx_gpiote_input_configure
                0x0000000000004e90      0x180 modules/hal_nordic/nrfx/libmodules__hal_nordic__nrfx.a(nrfx_gpiote.c.obj)
                0x0000000000004e90                nrfx_gpiote_input_configure
 .text.nrfx_gpiote_output_configure
                0x0000000000005010       0xf4 modules/hal_nordic/nrfx/libmodules__hal_nordic__nrfx.a(nrfx_gpiote.c.obj)
                0x0000000000005010                nrfx_gpiote_output_configure
 .text.nrfx_gpiote_global_callback_set
                0x0000000000005104        0xc modules/hal_nordic/nrfx/libmodules__hal_nordic__nrfx.a(nrfx_gpiote.c.obj)
                0x0000000000005104                nrfx_gpiote_global_callback_set
 .text.nrfx_gpiote_channel_get
                0x0000000000005110       0x30 modules/hal_nordic/nrfx/libmodules__hal_nordic__nrfx.a(nrfx_gpiote.c.obj)
                0x0000000000005110                nrfx_gpiote_channel_get
 .text.nrfx_gpiote_init
                0x0000000000005140       0x50 modules/hal_nordic/nrfx/libmodules__hal_nordic__nrfx.a(nrfx_gpiote.c.obj)
                0x0000000000005140                nrfx_gpiote_init
 .text.nrfx_gpiote_is_init
                0x0000000000005190       0x14 modules/hal_nordic/nrfx/libmodules__hal_nordic__nrfx.a(nrfx_gpiote.c.obj)
                0x0000000000005190                nrfx_gpiote_is_init
 .text.nrfx_gpiote_channel_free
                0x00000000000051a4        0xc modules/hal_nordic/nrfx/libmodules__hal_nordic__nrfx.a(nrfx_gpiote.c.obj)
                0x00000000000051a4                nrfx_gpiote_channel_free
 .text.nrfx_gpiote_channel_alloc
                0x00000000000051b0        0xc modules/hal_nordic/nrfx/libmodules__hal_nordic__nrfx.a(nrfx_gpiote.c.obj)
                0x00000000000051b0                nrfx_gpiote_channel_alloc
 .text.nrfx_gpiote_trigger_enable
                0x00000000000051bc       0x9c modules/hal_nordic/nrfx/libmodules__hal_nordic__nrfx.a(nrfx_gpiote.c.obj)
                0x00000000000051bc                nrfx_gpiote_trigger_enable
 .text.nrfx_gpiote_trigger_disable
                0x0000000000005258       0x4c modules/hal_nordic/nrfx/libmodules__hal_nordic__nrfx.a(nrfx_gpiote.c.obj)
                0x0000000000005258                nrfx_gpiote_trigger_disable
 .text.nrfx_gpiote_pin_uninit
                0x00000000000052a4       0x80 modules/hal_nordic/nrfx/libmodules__hal_nordic__nrfx.a(nrfx_gpiote.c.obj)
                0x00000000000052a4                nrfx_gpiote_pin_uninit
 .text.nrfx_gpiote_irq_handler
                0x0000000000005324      0x1a8 modules/hal_nordic/nrfx/libmodules__hal_nordic__nrfx.a(nrfx_gpiote.c.obj)
                0x0000000000005324                nrfx_gpiote_irq_handler
 .text.nrfx_power_init
                0x00000000000054cc       0x74 modules/hal_nordic/nrfx/libmodules__hal_nordic__nrfx.a(nrfx_power.c.obj)
                0x00000000000054cc                nrfx_power_init
 .text.nrfx_power_usbevt_uninit
                0x0000000000005540       0x18 modules/hal_nordic/nrfx/libmodules__hal_nordic__nrfx.a(nrfx_power.c.obj)
                0x0000000000005540                nrfx_power_usbevt_uninit
 .text.nrfx_power_usbevt_init
                0x0000000000005558       0x14 modules/hal_nordic/nrfx/libmodules__hal_nordic__nrfx.a(nrfx_power.c.obj)
                0x0000000000005558                nrfx_power_usbevt_init
 .text.nrfx_power_irq_handler
                0x000000000000556c       0xa0 modules/hal_nordic/nrfx/libmodules__hal_nordic__nrfx.a(nrfx_power.c.obj)
                0x000000000000556c                nrfx_power_irq_handler
 .text.nrfx_ppi_channel_alloc
                0x000000000000560c        0xc modules/hal_nordic/nrfx/libmodules__hal_nordic__nrfx.a(nrfx_ppi.c.obj)
                0x000000000000560c                nrfx_ppi_channel_alloc
 .text.nrf52_errata_187
                0x0000000000005618       0x28 modules/hal_nordic/nrfx/libmodules__hal_nordic__nrfx.a(nrfx_usbd.c.obj)
 .text.ep_state_access
                0x0000000000005640       0x1c modules/hal_nordic/nrfx/libmodules__hal_nordic__nrfx.a(nrfx_usbd.c.obj)
 .text.ev_usbreset_handler
                0x000000000000565c       0x2c modules/hal_nordic/nrfx/libmodules__hal_nordic__nrfx.a(nrfx_usbd.c.obj)
 .text.ev_usbevent_handler
                0x0000000000005688       0x74 modules/hal_nordic/nrfx/libmodules__hal_nordic__nrfx.a(nrfx_usbd.c.obj)
 .text.usbd_errata_187_211_begin
                0x00000000000056fc       0x40 modules/hal_nordic/nrfx/libmodules__hal_nordic__nrfx.a(nrfx_usbd.c.obj)
 .text.usbd_errata_187_211_end
                0x000000000000573c       0x40 modules/hal_nordic/nrfx/libmodules__hal_nordic__nrfx.a(nrfx_usbd.c.obj)
 .text.nrfx_usbd_feeder_flash
                0x000000000000577c       0x38 modules/hal_nordic/nrfx/libmodules__hal_nordic__nrfx.a(nrfx_usbd.c.obj)
                0x000000000000577c                nrfx_usbd_feeder_flash
 .text.nrfx_usbd_feeder_flash_zlp
                0x00000000000057b4       0x40 modules/hal_nordic/nrfx/libmodules__hal_nordic__nrfx.a(nrfx_usbd.c.obj)
                0x00000000000057b4                nrfx_usbd_feeder_flash_zlp
 .text.ev_sof_handler
                0x00000000000057f4       0x44 modules/hal_nordic/nrfx/libmodules__hal_nordic__nrfx.a(nrfx_usbd.c.obj)
 .text.atomic_and.constprop.0.isra.0
                0x0000000000005838       0x20 modules/hal_nordic/nrfx/libmodules__hal_nordic__nrfx.a(nrfx_usbd.c.obj)
 .text.usbd_dma_pending_clear
                0x0000000000005858       0x24 modules/hal_nordic/nrfx/libmodules__hal_nordic__nrfx.a(nrfx_usbd.c.obj)
 .text.nrf_usbd_ep0in_dma_handler
                0x000000000000587c       0x2c modules/hal_nordic/nrfx/libmodules__hal_nordic__nrfx.a(nrfx_usbd.c.obj)
 .text.usbd_ep_data_handler
                0x00000000000058a8       0x8c modules/hal_nordic/nrfx/libmodules__hal_nordic__nrfx.a(nrfx_usbd.c.obj)
 .text.ev_setup_data_handler
                0x0000000000005934       0x1c modules/hal_nordic/nrfx/libmodules__hal_nordic__nrfx.a(nrfx_usbd.c.obj)
 .text.ev_dma_epout8_handler
                0x0000000000005950       0x40 modules/hal_nordic/nrfx/libmodules__hal_nordic__nrfx.a(nrfx_usbd.c.obj)
 .text.ev_dma_epin8_handler
                0x0000000000005990       0x50 modules/hal_nordic/nrfx/libmodules__hal_nordic__nrfx.a(nrfx_usbd.c.obj)
 .text.nrfx_usbd_uninit
                0x00000000000059e0       0x14 modules/hal_nordic/nrfx/libmodules__hal_nordic__nrfx.a(nrfx_usbd.c.obj)
                0x00000000000059e0                nrfx_usbd_uninit
 .text.nrfx_usbd_enable
                0x00000000000059f4      0x158 modules/hal_nordic/nrfx/libmodules__hal_nordic__nrfx.a(nrfx_usbd.c.obj)
                0x00000000000059f4                nrfx_usbd_enable
 .text.nrfx_usbd_start
                0x0000000000005b4c       0x3c modules/hal_nordic/nrfx/libmodules__hal_nordic__nrfx.a(nrfx_usbd.c.obj)
                0x0000000000005b4c                nrfx_usbd_start
 .text.nrfx_usbd_is_enabled
                0x0000000000005b88       0x14 modules/hal_nordic/nrfx/libmodules__hal_nordic__nrfx.a(nrfx_usbd.c.obj)
                0x0000000000005b88                nrfx_usbd_is_enabled
 .text.nrfx_usbd_suspend
                0x0000000000005b9c       0x58 modules/hal_nordic/nrfx/libmodules__hal_nordic__nrfx.a(nrfx_usbd.c.obj)
                0x0000000000005b9c                nrfx_usbd_suspend
 .text.nrfx_usbd_init
                0x0000000000005bf4       0x84 modules/hal_nordic/nrfx/libmodules__hal_nordic__nrfx.a(nrfx_usbd.c.obj)
                0x0000000000005bf4                nrfx_usbd_init
 .text.nrfx_usbd_ep_transfer
                0x0000000000005c78       0xf4 modules/hal_nordic/nrfx/libmodules__hal_nordic__nrfx.a(nrfx_usbd.c.obj)
                0x0000000000005c78                nrfx_usbd_ep_transfer
 .text.nrfx_usbd_epout_size_get
                0x0000000000005d6c       0x28 modules/hal_nordic/nrfx/libmodules__hal_nordic__nrfx.a(nrfx_usbd.c.obj)
                0x0000000000005d6c                nrfx_usbd_epout_size_get
 .text.usbd_dmareq_process
                0x0000000000005d94      0x1c0 modules/hal_nordic/nrfx/libmodules__hal_nordic__nrfx.a(nrfx_usbd.c.obj)
 .text.ev_epdata_handler
                0x0000000000005f54       0x44 modules/hal_nordic/nrfx/libmodules__hal_nordic__nrfx.a(nrfx_usbd.c.obj)
 .text.nrf_usbd_epout_dma_handler
                0x0000000000005f98       0x64 modules/hal_nordic/nrfx/libmodules__hal_nordic__nrfx.a(nrfx_usbd.c.obj)
 .text.nrfx_usbd_ep_stall
                0x0000000000005ffc       0x10 modules/hal_nordic/nrfx/libmodules__hal_nordic__nrfx.a(nrfx_usbd.c.obj)
                0x0000000000005ffc                nrfx_usbd_ep_stall
 .text.nrfx_usbd_ep_stall_check
                0x000000000000600c       0x34 modules/hal_nordic/nrfx/libmodules__hal_nordic__nrfx.a(nrfx_usbd.c.obj)
                0x000000000000600c                nrfx_usbd_ep_stall_check
 .text.nrfx_usbd_ep_dtoggle_clear
                0x0000000000006040       0x18 modules/hal_nordic/nrfx/libmodules__hal_nordic__nrfx.a(nrfx_usbd.c.obj)
                0x0000000000006040                nrfx_usbd_ep_dtoggle_clear
 .text.nrfx_usbd_setup_get
                0x0000000000006058       0x44 modules/hal_nordic/nrfx/libmodules__hal_nordic__nrfx.a(nrfx_usbd.c.obj)
                0x0000000000006058                nrfx_usbd_setup_get
 .text.nrfx_usbd_setup_data_clear
                0x000000000000609c       0x10 modules/hal_nordic/nrfx/libmodules__hal_nordic__nrfx.a(nrfx_usbd.c.obj)
                0x000000000000609c                nrfx_usbd_setup_data_clear
 .text.ev_dma_epout0_handler
                0x00000000000060ac       0x50 modules/hal_nordic/nrfx/libmodules__hal_nordic__nrfx.a(nrfx_usbd.c.obj)
 .text.nrfx_usbd_setup_clear
                0x00000000000060fc       0x10 modules/hal_nordic/nrfx/libmodules__hal_nordic__nrfx.a(nrfx_usbd.c.obj)
                0x00000000000060fc                nrfx_usbd_setup_clear
 .text.nrfx_usbd_setup_stall
                0x000000000000610c       0x10 modules/hal_nordic/nrfx/libmodules__hal_nordic__nrfx.a(nrfx_usbd.c.obj)
                0x000000000000610c                nrfx_usbd_setup_stall
 .text.nrfx_usbd_last_setup_dir_get
                0x000000000000611c        0xc modules/hal_nordic/nrfx/libmodules__hal_nordic__nrfx.a(nrfx_usbd.c.obj)
                0x000000000000611c                nrfx_usbd_last_setup_dir_get
 .text.nrfx_usbd_transfer_out_drop
                0x0000000000006128       0x54 modules/hal_nordic/nrfx/libmodules__hal_nordic__nrfx.a(nrfx_usbd.c.obj)
                0x0000000000006128                nrfx_usbd_transfer_out_drop
 .text.usbd_ep_abort
                0x000000000000617c       0xf4 modules/hal_nordic/nrfx/libmodules__hal_nordic__nrfx.a(nrfx_usbd.c.obj)
 .text.ev_setup_handler
                0x0000000000006270       0x68 modules/hal_nordic/nrfx/libmodules__hal_nordic__nrfx.a(nrfx_usbd.c.obj)
 .text.nrfx_usbd_irq_handler
                0x00000000000062d8       0x7c modules/hal_nordic/nrfx/libmodules__hal_nordic__nrfx.a(nrfx_usbd.c.obj)
                0x00000000000062d8                nrfx_usbd_irq_handler
 .text.nrfx_usbd_stop
                0x0000000000006354       0x80 modules/hal_nordic/nrfx/libmodules__hal_nordic__nrfx.a(nrfx_usbd.c.obj)
                0x0000000000006354                nrfx_usbd_stop
 .text.nrfx_usbd_disable
                0x00000000000063d4       0x60 modules/hal_nordic/nrfx/libmodules__hal_nordic__nrfx.a(nrfx_usbd.c.obj)
                0x00000000000063d4                nrfx_usbd_disable
 .text.nrfx_usbd_ep_disable
                0x0000000000006434       0x58 modules/hal_nordic/nrfx/libmodules__hal_nordic__nrfx.a(nrfx_usbd.c.obj)
                0x0000000000006434                nrfx_usbd_ep_disable
 .text.nrfx_usbd_ep_enable
                0x000000000000648c       0xa8 modules/hal_nordic/nrfx/libmodules__hal_nordic__nrfx.a(nrfx_usbd.c.obj)
                0x000000000000648c                nrfx_usbd_ep_enable
 .text.nrfx_usbd_ep_stall_clear
                0x0000000000006534       0x20 modules/hal_nordic/nrfx/libmodules__hal_nordic__nrfx.a(nrfx_usbd.c.obj)
                0x0000000000006534                nrfx_usbd_ep_stall_clear
 .text.z_fatal_error
                0x0000000000006554       0x38 zephyr/kernel/libkernel.a(fatal.c.obj)
                0x0000000000006554                z_fatal_error
 .text.z_sys_init_run_level
                0x000000000000658c       0x48 zephyr/kernel/libkernel.a(init.c.obj)
 .text.bg_thread_main
                0x00000000000065d4       0x34 zephyr/kernel/libkernel.a(init.c.obj)
 .text.z_bss_zero
                0x0000000000006608       0x18 zephyr/kernel/libkernel.a(init.c.obj)
                0x0000000000006608                z_bss_zero
 .text.z_init_cpu
                0x0000000000006620       0x8c zephyr/kernel/libkernel.a(init.c.obj)
                0x0000000000006620                z_init_cpu
 .text.z_cstart
                0x00000000000066ac       0xdc zephyr/kernel/libkernel.a(init.c.obj)
                0x00000000000066ac                z_cstart
 .text.init_mem_slab_module
                0x0000000000006788       0x24 zephyr/kernel/libkernel.a(mem_slab.c.obj)
 .text.k_mem_slab_alloc
                0x00000000000067ac       0x5c zephyr/kernel/libkernel.a(mem_slab.c.obj)
                0x00000000000067ac                k_mem_slab_alloc
 .text.z_setup_new_thread
                0x0000000000006808       0x80 zephyr/kernel/libkernel.a(thread.c.obj)
                0x0000000000006808                z_setup_new_thread
 .text.z_impl_k_thread_create
                0x0000000000006888       0x58 zephyr/kernel/libkernel.a(thread.c.obj)
                0x0000000000006888                z_impl_k_thread_create
 .text.z_init_static_threads
                0x00000000000068e0       0xb8 zephyr/kernel/libkernel.a(thread.c.obj)
                0x00000000000068e0                z_init_static_threads
 .text.z_impl_k_mutex_lock
                0x0000000000006998       0xf4 zephyr/kernel/libkernel.a(mutex.c.obj)
                0x0000000000006998                z_impl_k_mutex_lock
 .text.z_impl_k_mutex_unlock
                0x0000000000006a8c       0x78 zephyr/kernel/libkernel.a(mutex.c.obj)
                0x0000000000006a8c                z_impl_k_mutex_unlock
 .text.z_impl_k_queue_get
                0x0000000000006b04       0x68 zephyr/kernel/libkernel.a(queue.c.obj)
                0x0000000000006b04                z_impl_k_queue_get
 .text.z_impl_k_sem_give
                0x0000000000006b6c       0x48 zephyr/kernel/libkernel.a(sem.c.obj)
                0x0000000000006b6c                z_impl_k_sem_give
 .text.z_impl_k_sem_take
                0x0000000000006bb4       0x50 zephyr/kernel/libkernel.a(sem.c.obj)
                0x0000000000006bb4                z_impl_k_sem_take
 .text.work_queue_main
                0x0000000000006c04      0x138 zephyr/kernel/libkernel.a(work.c.obj)
 .text.submit_to_queue_locked
                0x0000000000006d3c       0xb4 zephyr/kernel/libkernel.a(work.c.obj)
 .text.k_work_queue_start
                0x0000000000006df0       0x70 zephyr/kernel/libkernel.a(work.c.obj)
                0x0000000000006df0                k_work_queue_start
 .text.k_work_schedule_for_queue
                0x0000000000006e60       0x54 zephyr/kernel/libkernel.a(work.c.obj)
                0x0000000000006e60                k_work_schedule_for_queue
 .text.sliceable
                0x0000000000006eb4       0x3c zephyr/kernel/libkernel.a(sched.c.obj)
 .text.slice_timeout
                0x0000000000006ef0       0x20 zephyr/kernel/libkernel.a(sched.c.obj)
 .text.z_reset_time_slice
                0x0000000000006f10       0x50 zephyr/kernel/libkernel.a(sched.c.obj)
                0x0000000000006f10                z_reset_time_slice
 .text.update_cache
                0x0000000000006f60       0x3c zephyr/kernel/libkernel.a(sched.c.obj)
 .text.move_thread_to_end_of_prio_q
                0x0000000000006f9c       0x74 zephyr/kernel/libkernel.a(sched.c.obj)
 .text.ready_thread
                0x0000000000007010       0x68 zephyr/kernel/libkernel.a(sched.c.obj)
 .text.unready_thread
                0x0000000000007078       0x30 zephyr/kernel/libkernel.a(sched.c.obj)
 .text.pend_locked
                0x00000000000070a8       0x30 zephyr/kernel/libkernel.a(sched.c.obj)
 .text.z_time_slice
                0x00000000000070d8       0x60 zephyr/kernel/libkernel.a(sched.c.obj)
                0x00000000000070d8                z_time_slice
 .text.z_pend_curr
                0x0000000000007138       0x3c zephyr/kernel/libkernel.a(sched.c.obj)
                0x0000000000007138                z_pend_curr
 .text.z_set_prio
                0x0000000000007174       0x8c zephyr/kernel/libkernel.a(sched.c.obj)
                0x0000000000007174                z_set_prio
 .text.z_reschedule
                0x0000000000007200       0x24 zephyr/kernel/libkernel.a(sched.c.obj)
                0x0000000000007200                z_reschedule
 .text.z_sched_start
                0x0000000000007224       0x3c zephyr/kernel/libkernel.a(sched.c.obj)
                0x0000000000007224                z_sched_start
 .text.z_impl_k_thread_suspend
                0x0000000000007260       0x64 zephyr/kernel/libkernel.a(sched.c.obj)
                0x0000000000007260                z_impl_k_thread_suspend
 .text.k_sched_lock
                0x00000000000072c4       0x28 zephyr/kernel/libkernel.a(sched.c.obj)
                0x00000000000072c4                k_sched_lock
 .text.k_sched_unlock
                0x00000000000072ec       0x38 zephyr/kernel/libkernel.a(sched.c.obj)
                0x00000000000072ec                k_sched_unlock
 .text.z_sched_init
                0x0000000000007324       0x10 zephyr/kernel/libkernel.a(sched.c.obj)
                0x0000000000007324                z_sched_init
 .text.z_impl_k_yield
                0x0000000000007334       0x7c zephyr/kernel/libkernel.a(sched.c.obj)
                0x0000000000007334                z_impl_k_yield
 .text.z_tick_sleep
                0x00000000000073b0       0x88 zephyr/kernel/libkernel.a(sched.c.obj)
 .text.z_impl_k_sleep
                0x0000000000007438       0x34 zephyr/kernel/libkernel.a(sched.c.obj)
                0x0000000000007438                z_impl_k_sleep
 .text.z_impl_k_usleep
                0x000000000000746c       0x34 zephyr/kernel/libkernel.a(sched.c.obj)
                0x000000000000746c                z_impl_k_usleep
 .text.z_impl_z_current_get
                0x00000000000074a0        0xc zephyr/kernel/libkernel.a(sched.c.obj)
                0x00000000000074a0                z_impl_z_current_get
 .text.z_thread_abort
                0x00000000000074ac       0xc0 zephyr/kernel/libkernel.a(sched.c.obj)
                0x00000000000074ac                z_thread_abort
 .text.z_sched_wait
                0x000000000000756c       0x24 zephyr/kernel/libkernel.a(sched.c.obj)
                0x000000000000756c                z_sched_wait
 .text.z_data_copy
                0x0000000000007590       0x34 zephyr/kernel/libkernel.a(xip.c.obj)
                0x0000000000007590                z_data_copy
 .text.elapsed  0x00000000000075c4       0x14 zephyr/kernel/libkernel.a(timeout.c.obj)
 .text.next_timeout
                0x00000000000075d8       0x40 zephyr/kernel/libkernel.a(timeout.c.obj)
 .text.remove_timeout
                0x0000000000007618       0x38 zephyr/kernel/libkernel.a(timeout.c.obj)
 .text.z_add_timeout
                0x0000000000007650       0xec zephyr/kernel/libkernel.a(timeout.c.obj)
                0x0000000000007650                z_add_timeout
 .text.sys_clock_announce
                0x000000000000773c       0xd4 zephyr/kernel/libkernel.a(timeout.c.obj)
                0x000000000000773c                sys_clock_announce
 .text.sys_clock_tick_get
                0x0000000000007810       0x34 zephyr/kernel/libkernel.a(timeout.c.obj)
                0x0000000000007810                sys_clock_tick_get
 .text.z_thread_aligned_alloc
                0x0000000000007844       0x40 zephyr/kernel/libkernel.a(mempool.c.obj)
                0x0000000000007844                z_thread_aligned_alloc
 .text.boot_banner
                0x0000000000007884        0xc zephyr/kernel/libkernel.a(banner.c.obj)
                0x0000000000007884                boot_banner
 .text.statics_init
                0x0000000000007890       0x24 zephyr/kernel/libkernel.a(kheap.c.obj)
 .text.k_sys_work_q_init
                0x00000000000078b4       0x34 zephyr/kernel/libkernel.a(system_work_q.c.obj)
 .text.nrf_cc3xx_platform_init_no_rng
                0x00000000000078e8       0x38 /home/matt/Downloads/ncs/nrfxlib/crypto/nrf_cc310_platform/lib/cortex-m4/soft-float/no-interrupts/libnrf_cc310_platform_0.9.18.a(nrf_cc3xx_platform.c.obj)
                0x00000000000078e8                nrf_cc3xx_platform_init_no_rng
 .text.nrf_cc3xx_platform_abort
                0x0000000000007920       0x24 /home/matt/Downloads/ncs/nrfxlib/crypto/nrf_cc310_platform/lib/cortex-m4/soft-float/no-interrupts/libnrf_cc310_platform_0.9.18.a(nrf_cc3xx_platform_abort.c.obj)
 .text.CC_PalAbort
                0x0000000000007944       0x34 /home/matt/Downloads/ncs/nrfxlib/crypto/nrf_cc310_platform/lib/cortex-m4/soft-float/no-interrupts/libnrf_cc310_platform_0.9.18.a(nrf_cc3xx_platform_abort.c.obj)
                0x0000000000007944                CC_PalAbort
 .text.nrf_cc3xx_platform_set_abort
                0x0000000000007978       0x10 /home/matt/Downloads/ncs/nrfxlib/crypto/nrf_cc310_platform/lib/cortex-m4/soft-float/no-interrupts/libnrf_cc310_platform_0.9.18.a(nrf_cc3xx_platform_abort.c.obj)
                0x0000000000007978                nrf_cc3xx_platform_set_abort
 .text.mutex_free
                0x0000000000007988       0x34 /home/matt/Downloads/ncs/nrfxlib/crypto/nrf_cc310_platform/lib/cortex-m4/soft-float/no-interrupts/libnrf_cc310_platform_0.9.18.a(nrf_cc3xx_platform_mutex.c.obj)
 .text.mutex_lock
                0x00000000000079bc       0x48 /home/matt/Downloads/ncs/nrfxlib/crypto/nrf_cc310_platform/lib/cortex-m4/soft-float/no-interrupts/libnrf_cc310_platform_0.9.18.a(nrf_cc3xx_platform_mutex.c.obj)
 .text.mutex_unlock
                0x0000000000007a04       0x38 /home/matt/Downloads/ncs/nrfxlib/crypto/nrf_cc310_platform/lib/cortex-m4/soft-float/no-interrupts/libnrf_cc310_platform_0.9.18.a(nrf_cc3xx_platform_mutex.c.obj)
 .text.mutex_init
                0x0000000000007a3c       0x20 /home/matt/Downloads/ncs/nrfxlib/crypto/nrf_cc310_platform/lib/cortex-m4/soft-float/no-interrupts/libnrf_cc310_platform_0.9.18.a(nrf_cc3xx_platform_mutex.c.obj)
 .text.nrf_cc3xx_platform_set_mutexes
                0x0000000000007a5c       0x74 /home/matt/Downloads/ncs/nrfxlib/crypto/nrf_cc310_platform/lib/cortex-m4/soft-float/no-interrupts/libnrf_cc310_platform_0.9.18.a(nrf_cc3xx_platform_mutex.c.obj)
                0x0000000000007a5c                nrf_cc3xx_platform_set_mutexes
 .text.CC_LibInitNoRng
                0x0000000000007ad0       0x64 /home/matt/Downloads/ncs/nrfxlib/crypto/nrf_cc310_platform/lib/cortex-m4/soft-float/no-interrupts/libnrf_cc310_platform_0.9.18.a(cc_lib.c.obj)
                0x0000000000007ad0                CC_LibInitNoRng
 .text.CC_HalInit
                0x0000000000007b34        0x4 /home/matt/Downloads/ncs/nrfxlib/crypto/nrf_cc310_platform/lib/cortex-m4/soft-float/no-interrupts/libnrf_cc310_platform_0.9.18.a(cc_hal.c.obj)
                0x0000000000007b34                CC_HalInit
 .text.CC_HalTerminate
                0x0000000000007b38        0x4 /home/matt/Downloads/ncs/nrfxlib/crypto/nrf_cc310_platform/lib/cortex-m4/soft-float/no-interrupts/libnrf_cc310_platform_0.9.18.a(cc_hal.c.obj)
                0x0000000000007b38                CC_HalTerminate
 .text.CC_HalMaskInterrupt
                0x0000000000007b3c        0xc /home/matt/Downloads/ncs/nrfxlib/crypto/nrf_cc310_platform/lib/cortex-m4/soft-float/no-interrupts/libnrf_cc310_platform_0.9.18.a(cc_hal.c.obj)
                0x0000000000007b3c                CC_HalMaskInterrupt
 .text.CC_PalInit
                0x0000000000007b48       0x5c /home/matt/Downloads/ncs/nrfxlib/crypto/nrf_cc310_platform/lib/cortex-m4/soft-float/no-interrupts/libnrf_cc310_platform_0.9.18.a(cc_pal.c.obj)
                0x0000000000007b48                CC_PalInit
 .text.CC_PalTerminate
                0x0000000000007ba4       0x34 /home/matt/Downloads/ncs/nrfxlib/crypto/nrf_cc310_platform/lib/cortex-m4/soft-float/no-interrupts/libnrf_cc310_platform_0.9.18.a(cc_pal.c.obj)
                0x0000000000007ba4                CC_PalTerminate
 .text.CC_PalDmaInit
                0x0000000000007bd8        0x4 /home/matt/Downloads/ncs/nrfxlib/crypto/nrf_cc310_platform/lib/cortex-m4/soft-float/no-interrupts/libnrf_cc310_platform_0.9.18.a(cc_pal_dma.c.obj)
                0x0000000000007bd8                CC_PalDmaInit
 .text.CC_PalDmaTerminate
                0x0000000000007bdc        0x4 /home/matt/Downloads/ncs/nrfxlib/crypto/nrf_cc310_platform/lib/cortex-m4/soft-float/no-interrupts/libnrf_cc310_platform_0.9.18.a(cc_pal_dma.c.obj)
                0x0000000000007bdc                CC_PalDmaTerminate
 .text.CC_PalMutexCreate
                0x0000000000007be0       0x14 /home/matt/Downloads/ncs/nrfxlib/crypto/nrf_cc310_platform/lib/cortex-m4/soft-float/no-interrupts/libnrf_cc310_platform_0.9.18.a(cc_pal_mutex.c.obj)
                0x0000000000007be0                CC_PalMutexCreate
 .text.CC_PalMutexDestroy
                0x0000000000007bf4       0x14 /home/matt/Downloads/ncs/nrfxlib/crypto/nrf_cc310_platform/lib/cortex-m4/soft-float/no-interrupts/libnrf_cc310_platform_0.9.18.a(cc_pal_mutex.c.obj)
                0x0000000000007bf4                CC_PalMutexDestroy
 .text.CC_PalPowerSaveModeInit
                0x0000000000007c08       0x3c /home/matt/Downloads/ncs/nrfxlib/crypto/nrf_cc310_platform/lib/cortex-m4/soft-float/no-interrupts/libnrf_cc310_platform_0.9.18.a(cc_pal_pm.c.obj)
                0x0000000000007c08                CC_PalPowerSaveModeInit
 .text.CC_PalPowerSaveModeSelect
                0x0000000000007c44       0x84 /home/matt/Downloads/ncs/nrfxlib/crypto/nrf_cc310_platform/lib/cortex-m4/soft-float/no-interrupts/libnrf_cc310_platform_0.9.18.a(cc_pal_pm.c.obj)
                0x0000000000007c44                CC_PalPowerSaveModeSelect
 .text.__i_vfprintf
                0x0000000000007cc8      0x49c /home/matt/ncs/toolchains/b77d8c1312/opt/zephyr-sdk/arm-zephyr-eabi/bin/../lib/gcc/../../picolibc/arm-zephyr-eabi/lib/thumb/v7e-m/nofp/libc.a(libc_tinystdio_vfiprintf.c.o)
                0x0000000000007cc8                __i_vfprintf
 .text._OffsetAbsSyms
                0x0000000000008164        0x2 zephyr/CMakeFiles/offsets.dir/./arch/arm/core/offsets/offsets.c.obj
                0x0000000000008164                _OffsetAbsSyms
 .text.arch_printk_char_out
                0x0000000000008166        0x4 zephyr/libzephyr.a(printk.c.obj)
                0x0000000000008166                arch_printk_char_out
 .text.printk   0x000000000000816a       0x1a zephyr/libzephyr.a(printk.c.obj)
                0x000000000000816a                printk
 .text.chunk_size
                0x0000000000008184        0xa zephyr/libzephyr.a(heap.c.obj)
 .text.free_list_add
                0x000000000000818e       0x4e zephyr/libzephyr.a(heap.c.obj)
 .text.free_list_remove_bidx
                0x00000000000081dc       0x3a zephyr/libzephyr.a(heap.c.obj)
 .text.free_list_remove
                0x0000000000008216       0x1a zephyr/libzephyr.a(heap.c.obj)
 .text.alloc_chunk
                0x0000000000008230       0x6e zephyr/libzephyr.a(heap.c.obj)
 .text.merge_chunks
                0x000000000000829e       0x2c zephyr/libzephyr.a(heap.c.obj)
 .text.split_chunks
                0x00000000000082ca       0x34 zephyr/libzephyr.a(heap.c.obj)
 .text.free_chunk
                0x00000000000082fe       0x62 zephyr/libzephyr.a(heap.c.obj)
 .text.sys_heap_free
                0x0000000000008360       0x1e zephyr/libzephyr.a(heap.c.obj)
                0x0000000000008360                sys_heap_free
 .text.sys_heap_alloc
                0x000000000000837e       0x52 zephyr/libzephyr.a(heap.c.obj)
                0x000000000000837e                sys_heap_alloc
 .text.sys_heap_aligned_alloc
                0x00000000000083d0       0xd0 zephyr/libzephyr.a(heap.c.obj)
                0x00000000000083d0                sys_heap_aligned_alloc
 .text.sys_heap_init
                0x00000000000084a0       0x7a zephyr/libzephyr.a(heap.c.obj)
                0x00000000000084a0                sys_heap_init
 .text.sys_slist_find_and_remove
                0x000000000000851a       0x36 zephyr/libzephyr.a(onoff.c.obj)
 .text.process_recheck
                0x0000000000008550       0x38 zephyr/libzephyr.a(onoff.c.obj)
 .text.validate_args
                0x0000000000008588       0x20 zephyr/libzephyr.a(onoff.c.obj)
 .text.notify_one
                0x00000000000085a8       0x2c zephyr/libzephyr.a(onoff.c.obj)
 .text.transition_complete
                0x00000000000085d4       0x1c zephyr/libzephyr.a(onoff.c.obj)
 .text.onoff_manager_init
                0x00000000000085f0       0x26 zephyr/libzephyr.a(onoff.c.obj)
                0x00000000000085f0                onoff_manager_init
 .text.onoff_request
                0x0000000000008616       0xb0 zephyr/libzephyr.a(onoff.c.obj)
                0x0000000000008616                onoff_request
 .text.onoff_release
                0x00000000000086c6       0x4a zephyr/libzephyr.a(onoff.c.obj)
                0x00000000000086c6                onoff_release
 .text.onoff_cancel
                0x0000000000008710       0x38 zephyr/libzephyr.a(onoff.c.obj)
                0x0000000000008710                onoff_cancel
 .text.sys_notify_validate
                0x0000000000008748       0x22 zephyr/libzephyr.a(notify.c.obj)
                0x0000000000008748                sys_notify_validate
 .text.sys_notify_finalize
                0x000000000000876a       0x1a zephyr/libzephyr.a(notify.c.obj)
                0x000000000000876a                sys_notify_finalize
 .text.ring_buf_put_claim
                0x0000000000008784       0x3e zephyr/libzephyr.a(ring_buffer.c.obj)
                0x0000000000008784                ring_buf_put_claim
 .text.ring_buf_put_finish
                0x00000000000087c2       0x2a zephyr/libzephyr.a(ring_buffer.c.obj)
                0x00000000000087c2                ring_buf_put_finish
 .text.ring_buf_put
                0x00000000000087ec       0x3e zephyr/libzephyr.a(ring_buffer.c.obj)
                0x00000000000087ec                ring_buf_put
 .text.ring_buf_get_claim
                0x000000000000882a       0x40 zephyr/libzephyr.a(ring_buffer.c.obj)
                0x000000000000882a                ring_buf_get_claim
 .text.ring_buf_get_finish
                0x000000000000886a       0x2a zephyr/libzephyr.a(ring_buffer.c.obj)
                0x000000000000886a                ring_buf_get_finish
 .text.ring_buf_get
                0x0000000000008894       0x40 zephyr/libzephyr.a(ring_buffer.c.obj)
                0x0000000000008894                ring_buf_get
 .text._ConfigAbsSyms
                0x00000000000088d4        0x2 zephyr/libzephyr.a(configs.c.obj)
                0x00000000000088d4                _ConfigAbsSyms
 .text.get_ep_bm_from_addr
                0x00000000000088d6       0x1c zephyr/libzephyr.a(usb_device.c.obj)
 .text.usb_write
                0x00000000000088f2       0x30 zephyr/libzephyr.a(usb_device.c.obj)
                0x00000000000088f2                usb_write
 .text.usb_get_dev_data_by_cfg
                0x0000000000008922       0x18 zephyr/libzephyr.a(usb_descriptor.c.obj)
                0x0000000000008922                usb_get_dev_data_by_cfg
 .text.usb_get_dev_data_by_iface
                0x000000000000893a       0x1c zephyr/libzephyr.a(usb_descriptor.c.obj)
                0x000000000000893a                usb_get_dev_data_by_iface
 .text.usb_get_dev_data_by_ep
                0x0000000000008956       0x2c zephyr/libzephyr.a(usb_descriptor.c.obj)
                0x0000000000008956                usb_get_dev_data_by_ep
 .text.usb_transfer_is_busy
                0x0000000000008982       0x16 zephyr/libzephyr.a(usb_transfer.c.obj)
                0x0000000000008982                usb_transfer_is_busy
 .text.cdc_interface_config
                0x0000000000008998       0x14 zephyr/libzephyr.a(cdc_acm.c.obj)
 .text.cdc_acm_irq_callback_work_handler
                0x00000000000089ac        0xa zephyr/libzephyr.a(cdc_acm.c.obj)
 .text.cdc_acm_irq_tx_disable
                0x00000000000089b6        0xa zephyr/libzephyr.a(cdc_acm.c.obj)
 .text.cdc_acm_irq_tx_ready
                0x00000000000089c0        0xe zephyr/libzephyr.a(cdc_acm.c.obj)
 .text.cdc_acm_irq_rx_disable
                0x00000000000089ce        0xa zephyr/libzephyr.a(cdc_acm.c.obj)
 .text.cdc_acm_irq_rx_ready
                0x00000000000089d8        0x8 zephyr/libzephyr.a(cdc_acm.c.obj)
 .text.cdc_acm_irq_is_pending
                0x00000000000089e0       0x1e zephyr/libzephyr.a(cdc_acm.c.obj)
 .text.cdc_acm_irq_update
                0x00000000000089fe        0x4 zephyr/libzephyr.a(cdc_acm.c.obj)
 .text.cdc_acm_irq_callback_set
                0x0000000000008a02        0x8 zephyr/libzephyr.a(cdc_acm.c.obj)
 .text.cdc_acm_configure
                0x0000000000008a0a        0x4 zephyr/libzephyr.a(cdc_acm.c.obj)
 .text.cdc_acm_config_get
                0x0000000000008a0e       0x58 zephyr/libzephyr.a(cdc_acm.c.obj)
 .text.cdc_acm_fifo_read
                0x0000000000008a66       0x54 zephyr/libzephyr.a(cdc_acm.c.obj)
 .text.cdc_acm_poll_in
                0x0000000000008aba       0x12 zephyr/libzephyr.a(cdc_acm.c.obj)
 .text.abort_function
                0x0000000000008acc        0x8 zephyr/libzephyr.a(nrf_cc3xx_platform_abort_zephyr.c.obj)
 .text.z_arm_fatal_error
                0x0000000000008ad4        0x4 zephyr/arch/arch/arm/core/aarch32/libarch__arm__core__aarch32.a(fatal.c.obj)
                0x0000000000008ad4                z_arm_fatal_error
 .text.z_do_kernel_oops
                0x0000000000008ad8        0x8 zephyr/arch/arch/arm/core/aarch32/libarch__arm__core__aarch32.a(fatal.c.obj)
                0x0000000000008ad8                z_do_kernel_oops
 .text.z_irq_spurious
                0x0000000000008ae0        0x8 zephyr/arch/arch/arm/core/aarch32/libarch__arm__core__aarch32.a(irq_manage.c.obj)
                0x0000000000008ae0                z_irq_spurious
 .text.z_arm_nmi
                0x0000000000008ae8        0xe zephyr/arch/arch/arm/core/aarch32/libarch__arm__core__aarch32.a(nmi.c.obj)
                0x0000000000008ae8                z_arm_nmi
 .text.ep_ctx_reset
                0x0000000000008af6       0x26 zephyr/drivers/usb/device/libdrivers__usb__device.a(usb_dc_nrfx.c.obj)
 .text.k_mutex_lock.constprop.0.isra.0
                0x0000000000008b1c        0x4 zephyr/drivers/usb/device/libdrivers__usb__device.a(usb_dc_nrfx.c.obj)
 .text.k_mutex_unlock.isra.0
                0x0000000000008b20        0x4 zephyr/drivers/usb/device/libdrivers__usb__device.a(usb_dc_nrfx.c.obj)
 .text.usb_dc_ep_check_cap
                0x0000000000008b24       0x30 zephyr/drivers/usb/device/libdrivers__usb__device.a(usb_dc_nrfx.c.obj)
                0x0000000000008b24                usb_dc_ep_check_cap
 .text.usb_dc_ep_disable
                0x0000000000008b54       0x32 zephyr/drivers/usb/device/libdrivers__usb__device.a(usb_dc_nrfx.c.obj)
                0x0000000000008b54                usb_dc_ep_disable
 .text.get_status
                0x0000000000008b86       0x12 zephyr/drivers/clock_control/libdrivers__clock_control.a(clock_control_nrf.c.obj)
 .text.set_on_state
                0x0000000000008b98       0x26 zephyr/drivers/clock_control/libdrivers__clock_control.a(clock_control_nrf.c.obj)
 .text.stop     0x0000000000008bbe       0x54 zephyr/drivers/clock_control/libdrivers__clock_control.a(clock_control_nrf.c.obj)
 .text.api_stop
                0x0000000000008c12        0x6 zephyr/drivers/clock_control/libdrivers__clock_control.a(clock_control_nrf.c.obj)
 .text.async_start
                0x0000000000008c18       0x5e zephyr/drivers/clock_control/libdrivers__clock_control.a(clock_control_nrf.c.obj)
 .text.api_start
                0x0000000000008c76        0xe zephyr/drivers/clock_control/libdrivers__clock_control.a(clock_control_nrf.c.obj)
 .text.onoff_started_callback
                0x0000000000008c84       0x12 zephyr/drivers/clock_control/libdrivers__clock_control.a(clock_control_nrf.c.obj)
 .text.lfclk_start
                0x0000000000008c96        0x6 zephyr/drivers/clock_control/libdrivers__clock_control.a(clock_control_nrf.c.obj)
 .text.lfclk_stop
                0x0000000000008c9c        0x6 zephyr/drivers/clock_control/libdrivers__clock_control.a(clock_control_nrf.c.obj)
 .text.blocking_start_callback
                0x0000000000008ca2        0x6 zephyr/drivers/clock_control/libdrivers__clock_control.a(clock_control_nrf.c.obj)
 .text.gpio_nrfx_port_get_raw
                0x0000000000008ca8        0xe zephyr/drivers/gpio/libdrivers__gpio.a(gpio_nrfx.c.obj)
 .text.gpio_nrfx_port_set_masked_raw
                0x0000000000008cb6       0x18 zephyr/drivers/gpio/libdrivers__gpio.a(gpio_nrfx.c.obj)
 .text.gpio_nrfx_port_set_bits_raw
                0x0000000000008cce        0xc zephyr/drivers/gpio/libdrivers__gpio.a(gpio_nrfx.c.obj)
 .text.gpio_nrfx_port_clear_bits_raw
                0x0000000000008cda        0xc zephyr/drivers/gpio/libdrivers__gpio.a(gpio_nrfx.c.obj)
 .text.gpio_nrfx_port_toggle_bits
                0x0000000000008ce6       0x1a zephyr/drivers/gpio/libdrivers__gpio.a(gpio_nrfx.c.obj)
 .text.gpio_nrfx_manage_callback
                0x0000000000008d00       0x52 zephyr/drivers/gpio/libdrivers__gpio.a(gpio_nrfx.c.obj)
 .text.z_impl_hwinfo_get_device_id
                0x0000000000008d52       0x28 zephyr/drivers/hwinfo/libdrivers__hwinfo.a(hwinfo_nrf.c.obj)
                0x0000000000008d52                z_impl_hwinfo_get_device_id
 .text.pinctrl_lookup_state
                0x0000000000008d7a       0x26 zephyr/drivers/pinctrl/libdrivers__pinctrl.a(common.c.obj)
                0x0000000000008d7a                pinctrl_lookup_state
 .text.uarte_nrfx_config_get
                0x0000000000008da0       0x10 zephyr/drivers/serial/libdrivers__serial.a(uart_nrfx_uarte.c.obj)
 .text.uarte_nrfx_err_check
                0x0000000000008db0        0xe zephyr/drivers/serial/libdrivers__serial.a(uart_nrfx_uarte.c.obj)
 .text.tx_start
                0x0000000000008dbe       0x3e zephyr/drivers/serial/libdrivers__serial.a(uart_nrfx_uarte.c.obj)
 .text.uarte_nrfx_poll_in
                0x0000000000008dfc       0x28 zephyr/drivers/serial/libdrivers__serial.a(uart_nrfx_uarte.c.obj)
 .text.uarte_nrfx_fifo_read
                0x0000000000008e24       0x2e zephyr/drivers/serial/libdrivers__serial.a(uart_nrfx_uarte.c.obj)
 .text.uarte_nrfx_irq_tx_enable
                0x0000000000008e52       0x2e zephyr/drivers/serial/libdrivers__serial.a(uart_nrfx_uarte.c.obj)
 .text.uarte_nrfx_irq_tx_disable
                0x0000000000008e80        0xa zephyr/drivers/serial/libdrivers__serial.a(uart_nrfx_uarte.c.obj)
 .text.uarte_nrfx_irq_tx_ready_complete
                0x0000000000008e8a       0x2a zephyr/drivers/serial/libdrivers__serial.a(uart_nrfx_uarte.c.obj)
 .text.uarte_nrfx_irq_rx_ready
                0x0000000000008eb4       0x10 zephyr/drivers/serial/libdrivers__serial.a(uart_nrfx_uarte.c.obj)
 .text.uarte_nrfx_irq_rx_enable
                0x0000000000008ec4        0xc zephyr/drivers/serial/libdrivers__serial.a(uart_nrfx_uarte.c.obj)
 .text.uarte_nrfx_irq_rx_disable
                0x0000000000008ed0        0xc zephyr/drivers/serial/libdrivers__serial.a(uart_nrfx_uarte.c.obj)
 .text.uarte_nrfx_irq_err_enable
                0x0000000000008edc        0xe zephyr/drivers/serial/libdrivers__serial.a(uart_nrfx_uarte.c.obj)
 .text.uarte_nrfx_irq_err_disable
                0x0000000000008eea        0xe zephyr/drivers/serial/libdrivers__serial.a(uart_nrfx_uarte.c.obj)
 .text.uarte_nrfx_irq_is_pending
                0x0000000000008ef8       0x36 zephyr/drivers/serial/libdrivers__serial.a(uart_nrfx_uarte.c.obj)
 .text.uarte_nrfx_irq_update
                0x0000000000008f2e        0x4 zephyr/drivers/serial/libdrivers__serial.a(uart_nrfx_uarte.c.obj)
 .text.uarte_nrfx_irq_callback_set
                0x0000000000008f32        0xc zephyr/drivers/serial/libdrivers__serial.a(uart_nrfx_uarte.c.obj)
 .text.is_tx_ready.isra.0
                0x0000000000008f3e       0x20 zephyr/drivers/serial/libdrivers__serial.a(uart_nrfx_uarte.c.obj)
 .text.uarte_nrfx_fifo_fill
                0x0000000000008f5e       0x78 zephyr/drivers/serial/libdrivers__serial.a(uart_nrfx_uarte.c.obj)
 .text.uarte_nrfx_isr_int
                0x0000000000008fd6       0xc0 zephyr/drivers/serial/libdrivers__serial.a(uart_nrfx_uarte.c.obj)
 .text.event_clear
                0x0000000000009096       0x18 zephyr/drivers/timer/libdrivers__timer.a(nrf_rtc_timer.c.obj)
 .text.k_sys_fatal_error_handler
                0x00000000000090ae        0x8 modules/nrf/lib/fatal_error/lib..__nrf__lib__fatal_error.a(fatal_error.c.obj)
                0x00000000000090ae                k_sys_fatal_error_handler
 .text.hw_cc3xx_init_internal
                0x00000000000090b6        0x4 modules/nrf/drivers/hw_cc310/lib..__nrf__drivers__hw_cc310.a(hw_cc310.c.obj)
 .text.hw_cc3xx_init
                0x00000000000090ba       0x12 modules/nrf/drivers/hw_cc310/lib..__nrf__drivers__hw_cc310.a(hw_cc310.c.obj)
 .text.nrfx_isr
                0x00000000000090cc        0x2 modules/hal_nordic/nrfx/libmodules__hal_nordic__nrfx.a(nrfx_glue.c.obj)
                0x00000000000090cc                nrfx_isr
 .text.nrfx_busy_wait
                0x00000000000090ce        0x4 modules/hal_nordic/nrfx/libmodules__hal_nordic__nrfx.a(nrfx_glue.c.obj)
                0x00000000000090ce                nrfx_busy_wait
 .text.nrfx_gppi_channel_endpoints_setup
                0x00000000000090d2       0x14 modules/hal_nordic/nrfx/libmodules__hal_nordic__nrfx.a(nrfx_gppi_ppi.c.obj)
                0x00000000000090d2                nrfx_gppi_channel_endpoints_setup
 .text.nrfx_clock_start
                0x00000000000090e6       0x78 modules/hal_nordic/nrfx/libmodules__hal_nordic__nrfx.a(nrfx_clock.c.obj)
                0x00000000000090e6                nrfx_clock_start
 .text.nrfx_clock_stop
                0x000000000000915e        0x4 modules/hal_nordic/nrfx/libmodules__hal_nordic__nrfx.a(nrfx_clock.c.obj)
                0x000000000000915e                nrfx_clock_stop
 .text.nrf_gpio_reconfigure
                0x0000000000009162       0x92 modules/hal_nordic/nrfx/libmodules__hal_nordic__nrfx.a(nrfx_gpiote.c.obj)
 .text.nrf_gpio_cfg_sense_set
                0x00000000000091f4       0x1e modules/hal_nordic/nrfx/libmodules__hal_nordic__nrfx.a(nrfx_gpiote.c.obj)
 .text.nrf_power_event_get_and_clear.constprop.0
                0x0000000000009212       0x18 modules/hal_nordic/nrfx/libmodules__hal_nordic__nrfx.a(nrfx_power.c.obj)
 .text.nrfx_power_usbevt_enable
                0x000000000000922a        0xe modules/hal_nordic/nrfx/libmodules__hal_nordic__nrfx.a(nrfx_power.c.obj)
                0x000000000000922a                nrfx_power_usbevt_enable
 .text.nrfx_power_usbevt_disable
                0x0000000000009238        0xe modules/hal_nordic/nrfx/libmodules__hal_nordic__nrfx.a(nrfx_power.c.obj)
                0x0000000000009238                nrfx_power_usbevt_disable
 .text.nrfx_power_clock_irq_handler
                0x0000000000009246        0xe modules/hal_nordic/nrfx/libmodules__hal_nordic__nrfx.a(nrfx_power.c.obj)
                0x0000000000009246                nrfx_power_clock_irq_handler
 .text.nrfx_usbd_consumer
                0x0000000000009254       0x32 modules/hal_nordic/nrfx/libmodules__hal_nordic__nrfx.a(nrfx_usbd.c.obj)
                0x0000000000009254                nrfx_usbd_consumer
 .text.nrfx_usbd_feeder_ram
                0x0000000000009286       0x22 modules/hal_nordic/nrfx/libmodules__hal_nordic__nrfx.a(nrfx_usbd.c.obj)
                0x0000000000009286                nrfx_usbd_feeder_ram
 .text.nrfx_usbd_feeder_ram_zlp
                0x00000000000092a8       0x28 modules/hal_nordic/nrfx/libmodules__hal_nordic__nrfx.a(nrfx_usbd.c.obj)
                0x00000000000092a8                nrfx_usbd_feeder_ram_zlp
 .text.ep2bit   0x00000000000092d0       0x10 modules/hal_nordic/nrfx/libmodules__hal_nordic__nrfx.a(nrfx_usbd.c.obj)
 .text.ev_started_handler
                0x00000000000092e0        0x2 modules/hal_nordic/nrfx/libmodules__hal_nordic__nrfx.a(nrfx_usbd.c.obj)
 .text.nrf_usbd_epin_dma_handler
                0x00000000000092e2       0x30 modules/hal_nordic/nrfx/libmodules__hal_nordic__nrfx.a(nrfx_usbd.c.obj)
 .text.ev_dma_epin7_handler
                0x0000000000009312        0x6 modules/hal_nordic/nrfx/libmodules__hal_nordic__nrfx.a(nrfx_usbd.c.obj)
 .text.ev_dma_epin6_handler
                0x0000000000009318        0x6 modules/hal_nordic/nrfx/libmodules__hal_nordic__nrfx.a(nrfx_usbd.c.obj)
 .text.ev_dma_epin5_handler
                0x000000000000931e        0x6 modules/hal_nordic/nrfx/libmodules__hal_nordic__nrfx.a(nrfx_usbd.c.obj)
 .text.ev_dma_epin4_handler
                0x0000000000009324        0x6 modules/hal_nordic/nrfx/libmodules__hal_nordic__nrfx.a(nrfx_usbd.c.obj)
 .text.ev_dma_epin3_handler
                0x000000000000932a        0x6 modules/hal_nordic/nrfx/libmodules__hal_nordic__nrfx.a(nrfx_usbd.c.obj)
 .text.ev_dma_epin2_handler
                0x0000000000009330        0x6 modules/hal_nordic/nrfx/libmodules__hal_nordic__nrfx.a(nrfx_usbd.c.obj)
 .text.ev_dma_epin1_handler
                0x0000000000009336        0x6 modules/hal_nordic/nrfx/libmodules__hal_nordic__nrfx.a(nrfx_usbd.c.obj)
 .text.ev_dma_epin0_handler
                0x000000000000933c        0x4 modules/hal_nordic/nrfx/libmodules__hal_nordic__nrfx.a(nrfx_usbd.c.obj)
 .text.nrfx_usbd_ep_max_packet_size_set
                0x0000000000009340        0xa modules/hal_nordic/nrfx/libmodules__hal_nordic__nrfx.a(nrfx_usbd.c.obj)
                0x0000000000009340                nrfx_usbd_ep_max_packet_size_set
 .text.nrfx_usbd_ep_status_get
                0x000000000000934a       0x2e modules/hal_nordic/nrfx/libmodules__hal_nordic__nrfx.a(nrfx_usbd.c.obj)
                0x000000000000934a                nrfx_usbd_ep_status_get
 .text.ev_dma_epout7_handler
                0x0000000000009378        0x6 modules/hal_nordic/nrfx/libmodules__hal_nordic__nrfx.a(nrfx_usbd.c.obj)
 .text.ev_dma_epout6_handler
                0x000000000000937e        0x6 modules/hal_nordic/nrfx/libmodules__hal_nordic__nrfx.a(nrfx_usbd.c.obj)
 .text.ev_dma_epout5_handler
                0x0000000000009384        0x6 modules/hal_nordic/nrfx/libmodules__hal_nordic__nrfx.a(nrfx_usbd.c.obj)
 .text.ev_dma_epout4_handler
                0x000000000000938a        0x6 modules/hal_nordic/nrfx/libmodules__hal_nordic__nrfx.a(nrfx_usbd.c.obj)
 .text.ev_dma_epout3_handler
                0x0000000000009390        0x6 modules/hal_nordic/nrfx/libmodules__hal_nordic__nrfx.a(nrfx_usbd.c.obj)
 .text.ev_dma_epout2_handler
                0x0000000000009396        0x6 modules/hal_nordic/nrfx/libmodules__hal_nordic__nrfx.a(nrfx_usbd.c.obj)
 .text.ev_dma_epout1_handler
                0x000000000000939c        0x6 modules/hal_nordic/nrfx/libmodules__hal_nordic__nrfx.a(nrfx_usbd.c.obj)
 .text.nrfx_usbd_ep_abort
                0x00000000000093a2        0x4 modules/hal_nordic/nrfx/libmodules__hal_nordic__nrfx.a(nrfx_usbd.c.obj)
                0x00000000000093a2                nrfx_usbd_ep_abort
 .text.z_impl_k_busy_wait
                0x00000000000093a6        0x8 zephyr/kernel/libkernel.a(busy_wait.c.obj)
                0x00000000000093a6                z_impl_k_busy_wait
 .text.z_device_state_init
                0x00000000000093ae        0x2 zephyr/kernel/libkernel.a(device.c.obj)
                0x00000000000093ae                z_device_state_init
 .text.z_device_is_ready
                0x00000000000093b0       0x16 zephyr/kernel/libkernel.a(device.c.obj)
                0x00000000000093b0                z_device_is_ready
 .text.z_early_memset
                0x00000000000093c6        0x4 zephyr/kernel/libkernel.a(init.c.obj)
                0x00000000000093c6                z_early_memset
 .text.z_early_memcpy
                0x00000000000093ca        0x4 zephyr/kernel/libkernel.a(init.c.obj)
                0x00000000000093ca                z_early_memcpy
 .text.create_free_list
                0x00000000000093ce       0x2c zephyr/kernel/libkernel.a(mem_slab.c.obj)
 .text.k_mem_slab_init
                0x00000000000093fa       0x1c zephyr/kernel/libkernel.a(mem_slab.c.obj)
                0x00000000000093fa                k_mem_slab_init
 .text.k_mem_slab_free
                0x0000000000009416       0x4c zephyr/kernel/libkernel.a(mem_slab.c.obj)
                0x0000000000009416                k_mem_slab_free
 .text.k_is_in_isr
                0x0000000000009462        0xc zephyr/kernel/libkernel.a(thread.c.obj)
                0x0000000000009462                k_is_in_isr
 .text.z_impl_k_thread_name_set
                0x000000000000946e        0x6 zephyr/kernel/libkernel.a(thread.c.obj)
                0x000000000000946e                z_impl_k_thread_name_set
 .text.z_impl_k_thread_start
                0x0000000000009474        0x4 zephyr/kernel/libkernel.a(thread.c.obj)
                0x0000000000009474                z_impl_k_thread_start
 .text.idle     0x0000000000009478       0x18 zephyr/kernel/libkernel.a(idle.c.obj)
                0x0000000000009478                idle
 .text.adjust_owner_prio.isra.0
                0x0000000000009490       0x10 zephyr/kernel/libkernel.a(mutex.c.obj)
 .text.z_impl_k_mutex_init
                0x00000000000094a0        0xe zephyr/kernel/libkernel.a(mutex.c.obj)
                0x00000000000094a0                z_impl_k_mutex_init
 .text.queue_insert
                0x00000000000094ae       0xc4 zephyr/kernel/libkernel.a(queue.c.obj)
 .text.z_queue_node_peek
                0x0000000000009572       0x18 zephyr/kernel/libkernel.a(queue.c.obj)
                0x0000000000009572                z_queue_node_peek
 .text.k_queue_append
                0x000000000000958a       0x16 zephyr/kernel/libkernel.a(queue.c.obj)
                0x000000000000958a                k_queue_append
 .text.flag_test_and_clear
                0x00000000000095a0       0x16 zephyr/kernel/libkernel.a(work.c.obj)
 .text.notify_queue_locked.isra.0
                0x00000000000095b6        0xe zephyr/kernel/libkernel.a(work.c.obj)
 .text.work_timeout
                0x00000000000095c4       0x3e zephyr/kernel/libkernel.a(work.c.obj)
 .text.k_work_init
                0x0000000000009602       0x12 zephyr/kernel/libkernel.a(work.c.obj)
                0x0000000000009602                k_work_init
 .text.z_work_submit_to_queue
                0x0000000000009614       0x28 zephyr/kernel/libkernel.a(work.c.obj)
                0x0000000000009614                z_work_submit_to_queue
 .text.k_work_submit_to_queue
                0x000000000000963c       0x22 zephyr/kernel/libkernel.a(work.c.obj)
                0x000000000000963c                k_work_submit_to_queue
 .text.k_work_init_delayable
                0x000000000000965e       0x18 zephyr/kernel/libkernel.a(work.c.obj)
                0x000000000000965e                k_work_init_delayable
 .text.sys_dlist_remove
                0x0000000000009676       0x10 zephyr/kernel/libkernel.a(sched.c.obj)
 .text.unpend_thread_no_timeout
                0x0000000000009686       0x14 zephyr/kernel/libkernel.a(sched.c.obj)
 .text.add_to_waitq_locked
                0x000000000000969a       0x50 zephyr/kernel/libkernel.a(sched.c.obj)
 .text.z_ready_thread
                0x00000000000096ea       0x20 zephyr/kernel/libkernel.a(sched.c.obj)
                0x00000000000096ea                z_ready_thread
 .text.z_sched_wake_thread
                0x000000000000970a       0x44 zephyr/kernel/libkernel.a(sched.c.obj)
                0x000000000000970a                z_sched_wake_thread
 .text.z_thread_timeout
                0x000000000000974e        0x8 zephyr/kernel/libkernel.a(sched.c.obj)
                0x000000000000974e                z_thread_timeout
 .text.z_unpend_first_thread
                0x0000000000009756       0x38 zephyr/kernel/libkernel.a(sched.c.obj)
                0x0000000000009756                z_unpend_first_thread
 .text.z_unpend_thread
                0x000000000000978e       0x30 zephyr/kernel/libkernel.a(sched.c.obj)
                0x000000000000978e                z_unpend_thread
 .text.z_reschedule_irqlock
                0x00000000000097be       0x18 zephyr/kernel/libkernel.a(sched.c.obj)
                0x00000000000097be                z_reschedule_irqlock
 .text.z_reschedule_unlocked
                0x00000000000097d6       0x14 zephyr/kernel/libkernel.a(sched.c.obj)
 .text.z_unpend_all
                0x00000000000097ea       0x20 zephyr/kernel/libkernel.a(sched.c.obj)
                0x00000000000097ea                z_unpend_all
 .text.z_sched_wake
                0x000000000000980a       0x46 zephyr/kernel/libkernel.a(sched.c.obj)
                0x000000000000980a                z_sched_wake
 .text.z_abort_timeout
                0x0000000000009850       0x2c zephyr/kernel/libkernel.a(timeout.c.obj)
                0x0000000000009850                z_abort_timeout
 .text.sys_clock_tick_get_32
                0x000000000000987c        0x8 zephyr/kernel/libkernel.a(timeout.c.obj)
                0x000000000000987c                sys_clock_tick_get_32
 .text.sys_timepoint_calc
                0x0000000000009884       0x48 zephyr/kernel/libkernel.a(timeout.c.obj)
                0x0000000000009884                sys_timepoint_calc
 .text.sys_timepoint_timeout
                0x00000000000098cc       0x42 zephyr/kernel/libkernel.a(timeout.c.obj)
                0x00000000000098cc                sys_timepoint_timeout
 .text.k_free   0x000000000000990e        0xe zephyr/kernel/libkernel.a(mempool.c.obj)
                0x000000000000990e                k_free
 .text.k_heap_init
                0x000000000000991c       0x10 zephyr/kernel/libkernel.a(kheap.c.obj)
                0x000000000000991c                k_heap_init
 .text.k_heap_aligned_alloc
                0x000000000000992c       0x86 zephyr/kernel/libkernel.a(kheap.c.obj)
                0x000000000000992c                k_heap_aligned_alloc
 .text.k_heap_free
                0x00000000000099b2       0x3a zephyr/kernel/libkernel.a(kheap.c.obj)
                0x00000000000099b2                k_heap_free
 .text.memcpy   0x00000000000099ec       0x1c /home/matt/ncs/toolchains/b77d8c1312/opt/zephyr-sdk/arm-zephyr-eabi/bin/../lib/gcc/../../picolibc/arm-zephyr-eabi/lib/thumb/v7e-m/nofp/libc.a(memcpy.c.o)
                0x00000000000099ec                memcpy
                0x00000000000099ec                __aeabi_memcpy
                0x00000000000099ec                __aeabi_memcpy4
                0x00000000000099ec                __aeabi_memcpy8
 .text.memset   0x0000000000009a08       0x10 /home/matt/ncs/toolchains/b77d8c1312/opt/zephyr-sdk/arm-zephyr-eabi/bin/../lib/gcc/../../picolibc/arm-zephyr-eabi/lib/thumb/v7e-m/nofp/libc.a(memset.c.o)
                0x0000000000009a08                memset
 .text.__memcpy_chk
                0x0000000000009a18       0x26 /home/matt/ncs/toolchains/b77d8c1312/opt/zephyr-sdk/arm-zephyr-eabi/bin/../lib/gcc/../../picolibc/arm-zephyr-eabi/lib/thumb/v7e-m/nofp/libc.a(libc_ssp_memcpy_chk.c.o)
                0x0000000000009a18                __memcpy_chk
 .text.strnlen  0x0000000000009a3e       0x18 /home/matt/ncs/toolchains/b77d8c1312/opt/zephyr-sdk/arm-zephyr-eabi/bin/../lib/gcc/../../picolibc/arm-zephyr-eabi/lib/thumb/v7e-m/nofp/libc.a(libc_string_strnlen.c.o)
                0x0000000000009a3e                strnlen
 .text.__ultoa_invert
                0x0000000000009a56       0x34 /home/matt/ncs/toolchains/b77d8c1312/opt/zephyr-sdk/arm-zephyr-eabi/bin/../lib/gcc/../../picolibc/arm-zephyr-eabi/lib/thumb/v7e-m/nofp/libc.a(libc_tinystdio_vfiprintf.c.o)
 *(SORT_BY_ALIGNMENT(.TEXT.*))
 *fill*         0x0000000000009a8a        0x2 
 .TEXT.__aeabi_read_tp
                0x0000000000009a8c        0xc zephyr/arch/arch/arm/core/aarch32/cortex_m/libarch__arm__core__aarch32__cortex_m.a(__aeabi_read_tp.S.obj)
                0x0000000000009a8c                __aeabi_read_tp
 *(SORT_BY_ALIGNMENT(.gnu.linkonce.t.*))
 *(SORT_BY_ALIGNMENT(.glue_7t))
 .glue_7t       0x0000000000009a98        0x0 linker stubs
 *(SORT_BY_ALIGNMENT(.glue_7))
 .glue_7        0x0000000000009a98        0x0 linker stubs
 *(SORT_BY_ALIGNMENT(.vfp11_veneer))
 .vfp11_veneer  0x0000000000009a98        0x0 linker stubs
 *(SORT_BY_ALIGNMENT(.v4_bx))
 .v4_bx         0x0000000000009a98        0x0 linker stubs
                0x0000000000009a98                . = ALIGN (0x4)
                0x0000000000009a98                __text_region_end = .

.ARM.exidx      0x0000000000009a98        0x8
                0x0000000000009a98                __exidx_start = .
 *(SORT_BY_ALIGNMENT(.ARM.exidx*) SORT_BY_ALIGNMENT(gnu.linkonce.armexidx.*))
 .ARM.exidx     0x0000000000009a98        0x8 /home/matt/ncs/toolchains/b77d8c1312/opt/zephyr-sdk/arm-zephyr-eabi/bin/../lib/gcc/arm-zephyr-eabi/12.2.0/thumb/v7e-m/nofp/libgcc.a(_udivmoddi4.o)
 .ARM.exidx     0x0000000000009aa0        0x0 /home/matt/ncs/toolchains/b77d8c1312/opt/zephyr-sdk/arm-zephyr-eabi/bin/../lib/gcc/../../picolibc/arm-zephyr-eabi/lib/thumb/v7e-m/nofp/libc.a(strlen.S.o)
                                          0x8 (size before relaxing)
                0x0000000000009aa0                __exidx_end = .
                0x0000000000009aa0                __rodata_region_start = .

initlevel       0x0000000000009aa0       0x88
                0x0000000000009aa0                __init_start = .
                0x0000000000009aa0                __init_EARLY_start = .
 *(SORT_BY_NAME(SORT_BY_ALIGNMENT(.z_init_EARLY?_*)))
 *(SORT_BY_NAME(SORT_BY_ALIGNMENT(.z_init_EARLY??_*)))
                0x0000000000009aa0                __init_PRE_KERNEL_1_start = .
 *(SORT_BY_NAME(SORT_BY_ALIGNMENT(.z_init_PRE_KERNEL_1?_*)))
 .z_init_PRE_KERNEL_10_0_
                0x0000000000009aa0        0x8 zephyr/soc/soc/arm/nordic_nrf/nrf52/libsoc__arm__nordic_nrf__nrf52.a(soc.c.obj)
 *(SORT_BY_NAME(SORT_BY_ALIGNMENT(.z_init_PRE_KERNEL_1??_*)))
 .z_init_PRE_KERNEL_130_00054_
                0x0000000000009aa8        0x8 zephyr/drivers/clock_control/libdrivers__clock_control.a(clock_control_nrf.c.obj)
 .z_init_PRE_KERNEL_130_0_
                0x0000000000009ab0        0x8 zephyr/kernel/libkernel.a(mem_slab.c.obj)
 .z_init_PRE_KERNEL_130_0_
                0x0000000000009ab8        0x8 zephyr/kernel/libkernel.a(kheap.c.obj)
 .z_init_PRE_KERNEL_140_00009_
                0x0000000000009ac0        0x8 zephyr/drivers/gpio/libdrivers__gpio.a(gpio_nrfx.c.obj)
 .z_init_PRE_KERNEL_140_00015_
                0x0000000000009ac8        0x8 zephyr/drivers/gpio/libdrivers__gpio.a(gpio_nrfx.c.obj)
 .z_init_PRE_KERNEL_140_0_
                0x0000000000009ad0        0x8 zephyr/boards/arm/nrf52840dongle_nrf52840/libboards__arm__nrf52840dongle_nrf52840.a(board.c.obj)
 .z_init_PRE_KERNEL_140_0_
                0x0000000000009ad8        0x8 modules/nrf/drivers/hw_cc310/lib..__nrf__drivers__hw_cc310.a(hw_cc310.c.obj)
 .z_init_PRE_KERNEL_155_00092_
                0x0000000000009ae0        0x8 zephyr/drivers/serial/libdrivers__serial.a(uart_nrfx_uarte.c.obj)
 .z_init_PRE_KERNEL_155_00111_
                0x0000000000009ae8        0x8 zephyr/libzephyr.a(cdc_acm.c.obj)
                0x0000000000009af0                __init_PRE_KERNEL_2_start = .
 *(SORT_BY_NAME(SORT_BY_ALIGNMENT(.z_init_PRE_KERNEL_2?_*)))
 .z_init_PRE_KERNEL_20_0_
                0x0000000000009af0        0x8 zephyr/drivers/timer/libdrivers__timer.a(nrf_rtc_timer.c.obj)
 *(SORT_BY_NAME(SORT_BY_ALIGNMENT(.z_init_PRE_KERNEL_2??_*)))
                0x0000000000009af8                __init_POST_KERNEL_start = .
 *(SORT_BY_NAME(SORT_BY_ALIGNMENT(.z_init_POST_KERNEL?_*)))
 *(SORT_BY_NAME(SORT_BY_ALIGNMENT(.z_init_POST_KERNEL??_*)))
 .z_init_POST_KERNEL40_0_
                0x0000000000009af8        0x8 zephyr/libzephyr.a(usb_work_q.c.obj)
 .z_init_POST_KERNEL40_0_
                0x0000000000009b00        0x8 zephyr/lib/libc/common/liblib__libc__common.a(malloc.c.obj)
 .z_init_POST_KERNEL40_0_
                0x0000000000009b08        0x8 modules/nrf/drivers/hw_cc310/lib..__nrf__drivers__hw_cc310.a(hw_cc310.c.obj)
 .z_init_POST_KERNEL40_0_
                0x0000000000009b10        0x8 zephyr/kernel/libkernel.a(system_work_q.c.obj)
 .z_init_POST_KERNEL50_0_
                0x0000000000009b18        0x8 zephyr/drivers/usb/device/libdrivers__usb__device.a(usb_dc_nrfx.c.obj)
 .z_init_POST_KERNEL90_0_
                0x0000000000009b20        0x8 zephyr/libzephyr.a(usb_device.c.obj)
                0x0000000000009b28                __init_APPLICATION_start = .
 *(SORT_BY_NAME(SORT_BY_ALIGNMENT(.z_init_APPLICATION?_*)))
 *(SORT_BY_NAME(SORT_BY_ALIGNMENT(.z_init_APPLICATION??_*)))